11:31:51 fail порт 2999 закрыт — зайди в саму игру, не в лобби
11:34:17 fail таймаут :2999
11:34:29 fail порт 2999 закрыт — зайди в саму игру, не в лобби
11:34:53 fail таймаут :2999
11:35:05 fail порт 2999 закрыт — зайди в саму игру, не в лобби
11:39:57 fail таймаут :2999
11:40:09 fail порт 2999 закрыт — зайди в саму игру, не в лобби
11:41:10 fail порт 2999 закрыт — зайди в саму игру, не в лобби
11:44:01 fail таймаут :2999
11:44:13 fail порт 2999 закрыт — зайди в саму игру, не в лобби
11:44:35 fail порт 2999 закрыт — зайди в саму игру, не в лобби
11:45:48 fail таймаут :2999
11:46:00 fail порт 2999 закрыт — зайди в саму игру, не в лобби
11:46:24 fail таймаут :2999
11:46:36 fail порт 2999 закрыт — зайди в саму игру, не в лобби
11:46:48 fail таймаут :2999
11:47:00 fail порт 2999 закрыт — зайди в саму игру, не в лобби
11:58:05 fail HTTP 404
12:07:52 fail порт 2999 закрыт — зайди в саму игру, не в лобби
12:08:23 fail HTTP 404
12:16:59 fail порт 2999 закрыт — зайди в саму игру, не в лобби
12:17:47 fail HTTP 404
12:21:49 fail ReceiveFailure Базовое соединение закрыто: Непредвиденная ошибка при приеме.
12:21:58 ok Ари enemies=5 bots=5 t=38
12:21:59 ok Ари enemies=5 bots=5 t=39
12:22:00 ok Ари enemies=5 bots=5 t=40
12:22:01 ok Ари enemies=5 bots=5 t=41
12:22:02 ok Ари enemies=5 bots=5 t=42
12:22:03 ok Ари enemies=5 bots=5 t=43
12:22:04 ok Ари enemies=5 bots=5 t=44
12:22:05 ok Ари enemies=5 bots=5 t=45
12:22:06 ok Ари enemies=5 bots=5 t=46
12:22:07 ok Ари enemies=5 bots=5 t=47
12:22:08 ok Ари enemies=5 bots=5 t=48
12:22:09 ok Ари enemies=5 bots=5 t=49
12:22:10 ok Ари enemies=5 bots=5 t=50
12:22:11 ok Ари enemies=5 bots=5 t=51
12:22:12 ok Ари enemies=5 bots=5 t=52
12:22:13 ok Ари enemies=5 bots=5 t=53
12:22:14 ok Ари enemies=5 bots=5 t=54
12:22:15 ok Ари enemies=5 bots=5 t=55
12:22:16 ok Ари enemies=5 bots=5 t=56
12:22:17 ok Ари enemies=5 bots=5 t=57
12:22:18 ok Ари enemies=5 bots=5 t=58
12:22:19 ok Ари enemies=5 bots=5 t=59
12:22:20 ok Ари enemies=5 bots=5 t=60
12:22:21 ok Ари enemies=5 bots=5 t=61
12:22:22 ok Ари enemies=5 bots=5 t=62
12:22:23 ok Ари enemies=5 bots=5 t=63
12:22:24 ok Ари enemies=5 bots=5 t=64
12:22:25 ok Ари enemies=5 bots=5 t=65
12:22:26 ok Ари enemies=5 bots=5 t=66
12:22:27 ok Ари enemies=5 bots=5 t=67
12:22:28 ok Ари enemies=5 bots=5 t=68
12:22:29 ok Ари enemies=5 bots=5 t=69
12:22:30 ok Ари enemies=5 bots=5 t=70
12:22:31 ok Ари enemies=5 bots=5 t=71
12:22:32 ok Ари enemies=5 bots=5 t=72
12:22:33 ok Ари enemies=5 bots=5 t=73
12:22:34 ok Ари enemies=5 bots=5 t=74
12:22:35 ok Ари enemies=5 bots=5 t=75
12:22:36 ok Ари enemies=5 bots=5 t=76
12:22:37 ok Ари enemies=5 bots=5 t=77
12:22:38 ok Ари enemies=5 bots=5 t=78
12:22:39 ok Ари enemies=5 bots=5 t=79
12:22:40 ok Ари enemies=5 bots=5 t=80
12:22:41 ok Ари enemies=5 bots=5 t=81
12:22:42 ok Ари enemies=5 bots=5 t=82
12:22:43 ok Ари enemies=5 bots=5 t=83
12:22:44 ok Ари enemies=5 bots=5 t=84
12:22:45 ok Ари enemies=5 bots=5 t=85
12:22:46 ok Ари enemies=5 bots=5 t=86
12:22:47 ok Ари enemies=5 bots=5 t=87
12:22:48 ok Ари enemies=5 bots=5 t=88
12:22:49 ok Ари enemies=5 bots=5 t=89
12:22:50 ok Ари enemies=5 bots=5 t=90
12:22:51 ok Ари enemies=5 bots=5 t=91
12:22:52 ok Ари enemies=5 bots=5 t=92
12:22:53 ok Ари enemies=5 bots=5 t=93
12:22:54 ok Ари enemies=5 bots=5 t=94
12:22:55 ok Ари enemies=5 bots=5 t=95
12:22:56 ok Ари enemies=5 bots=5 t=96
12:22:57 ok Ари enemies=5 bots=5 t=97
12:22:58 ok Ари enemies=5 bots=5 t=98
12:22:59 ok Ари enemies=5 bots=5 t=99
12:23:00 ok Ари enemies=5 bots=5 t=100
12:23:01 ok Ари enemies=5 bots=5 t=101
12:23:02 ok Ари enemies=5 bots=5 t=102
12:23:03 ok Ари enemies=5 bots=5 t=103
12:23:04 ok Ари enemies=5 bots=5 t=104
12:23:05 ok Ари enemies=5 bots=5 t=105
12:23:06 ok Ари enemies=5 bots=5 t=106
12:23:07 ok Ари enemies=5 bots=5 t=107
12:23:08 ok Ари enemies=5 bots=5 t=108
12:23:09 ok Ари enemies=5 bots=5 t=109
12:23:10 ok Ари enemies=5 bots=5 t=110
12:23:11 ok Ари enemies=5 bots=5 t=111
12:23:12 ok Ари enemies=5 bots=5 t=112
12:23:13 ok Ари enemies=5 bots=5 t=113
12:23:14 ok Ари enemies=5 bots=5 t=114
12:23:15 ok Ари enemies=5 bots=5 t=115
12:23:16 ok Ари enemies=5 bots=5 t=116
12:23:17 ok Ари enemies=5 bots=5 t=117
12:23:18 ok Ари enemies=5 bots=5 t=118
12:23:19 ok Ари enemies=5 bots=5 t=119
12:23:20 ok Ари enemies=5 bots=5 t=120
12:23:21 ok Ари enemies=5 bots=5 t=121
12:23:22 ok Ари enemies=5 bots=5 t=122
12:23:23 ok Ари enemies=5 bots=5 t=123
12:23:24 ok Ари enemies=5 bots=5 t=124
12:23:25 ok Ари enemies=5 bots=5 t=125
12:23:26 ok Ари enemies=5 bots=5 t=126
12:23:27 ok Ари enemies=5 bots=5 t=127
12:23:28 ok Ари enemies=5 bots=5 t=128
12:23:29 ok Ари enemies=5 bots=5 t=129
12:23:30 ok Ари enemies=5 bots=5 t=130
12:23:31 ok Ари enemies=5 bots=5 t=131
12:23:32 ok Ари enemies=5 bots=5 t=132
12:23:33 ok Ари enemies=5 bots=5 t=133
12:23:34 ok Ари enemies=5 bots=5 t=134
12:23:35 ok Ари enemies=5 bots=5 t=135
12:23:36 ok Ари enemies=5 bots=5 t=136
12:23:37 ok Ари enemies=5 bots=5 t=137
12:23:38 ok Ари enemies=5 bots=5 t=138
12:23:39 ok Ари enemies=5 bots=5 t=139
12:23:40 ok Ари enemies=5 bots=5 t=140
12:23:41 ok Ари enemies=5 bots=5 t=141
12:23:42 ok Ари enemies=5 bots=5 t=142
12:23:43 ok Ари enemies=5 bots=5 t=143
12:23:44 ok Ари enemies=5 bots=5 t=144
12:23:45 ok Ари enemies=5 bots=5 t=145
12:23:46 ok Ари enemies=5 bots=5 t=146
12:23:47 ok Ари enemies=5 bots=5 t=147
12:23:48 ok Ари enemies=5 bots=5 t=148
12:23:49 ok Ари enemies=5 bots=5 t=149
12:23:50 ok Ари enemies=5 bots=5 t=150
12:23:51 ok Ари enemies=5 bots=5 t=151
12:23:52 ok Ари enemies=5 bots=5 t=152
12:23:53 ok Ари enemies=5 bots=5 t=153
12:23:54 ok Ари enemies=5 bots=5 t=154
12:23:55 ok Ари enemies=5 bots=5 t=155
12:23:56 ok Ари enemies=5 bots=5 t=156
12:23:57 ok Ари enemies=5 bots=5 t=157
12:23:58 ok Ари enemies=5 bots=5 t=158
12:23:59 ok Ари enemies=5 bots=5 t=159
12:24:00 ok Ари enemies=5 bots=5 t=160
12:24:01 ok Ари enemies=5 bots=5 t=161
12:24:02 ok Ари enemies=5 bots=5 t=162
12:24:03 ok Ари enemies=5 bots=5 t=163
12:24:04 ok Ари enemies=5 bots=5 t=164
12:24:05 ok Ари enemies=5 bots=5 t=165
12:24:06 ok Ари enemies=5 bots=5 t=166
12:24:07 ok Ари enemies=5 bots=5 t=167
12:24:08 ok Ари enemies=5 bots=5 t=168
12:24:09 ok Ари enemies=5 bots=5 t=169
12:24:10 ok Ари enemies=5 bots=5 t=170
12:24:11 ok Ари enemies=5 bots=5 t=171
12:24:12 ok Ари enemies=5 bots=5 t=172
12:24:13 ok Ари enemies=5 bots=5 t=173
12:24:14 ok Ари enemies=5 bots=5 t=174
12:24:15 ok Ари enemies=5 bots=5 t=175
12:24:16 ok Ари enemies=5 bots=5 t=176
12:24:17 ok Ари enemies=5 bots=5 t=177
12:24:18 ok Ари enemies=5 bots=5 t=178
12:24:19 ok Ари enemies=5 bots=5 t=179
12:24:20 ok Ари enemies=5 bots=5 t=180
12:24:21 ok Ари enemies=5 bots=5 t=181
12:24:22 ok Ари enemies=5 bots=5 t=182
12:24:23 ok Ари enemies=5 bots=5 t=183
12:24:24 ok Ари enemies=5 bots=5 t=184
12:24:26 ok Ари enemies=5 bots=5 t=186
12:24:27 ok Ари enemies=5 bots=5 t=187
12:24:28 ok Ари enemies=5 bots=5 t=188
12:24:29 ok Ари enemies=5 bots=5 t=189
12:24:30 ok Ари enemies=5 bots=5 t=190
12:24:31 ok Ари enemies=5 bots=5 t=191
12:24:32 ok Ари enemies=5 bots=5 t=192
12:24:33 ok Ари enemies=5 bots=5 t=193
12:24:34 ok Ари enemies=5 bots=5 t=194
12:24:35 ok Ари enemies=5 bots=5 t=195
12:24:36 ok Ари enemies=5 bots=5 t=196
12:24:37 ok Ари enemies=5 bots=5 t=197
12:24:38 ok Ари enemies=5 bots=5 t=198
12:24:39 ok Ари enemies=5 bots=5 t=199
12:24:40 ok Ари enemies=5 bots=5 t=200
12:24:41 ok Ари enemies=5 bots=5 t=201
12:24:42 ok Ари enemies=5 bots=5 t=202
12:24:43 ok Ари enemies=5 bots=5 t=203
12:24:44 ok Ари enemies=5 bots=5 t=204
12:24:45 ok Ари enemies=5 bots=5 t=205
12:24:46 ok Ари enemies=5 bots=5 t=206
12:24:47 ok Ари enemies=5 bots=5 t=207
12:24:48 ok Ари enemies=5 bots=5 t=208
12:24:49 ok Ари enemies=5 bots=5 t=209
12:24:50 ok Ари enemies=5 bots=5 t=210
12:24:51 ok Ари enemies=5 bots=5 t=211
12:24:52 ok Ари enemies=5 bots=5 t=212
12:24:53 ok Ари enemies=5 bots=5 t=213
12:24:54 ok Ари enemies=5 bots=5 t=214
12:24:55 ok Ари enemies=5 bots=5 t=215
12:24:56 ok Ари enemies=5 bots=5 t=216
12:24:57 ok Ари enemies=5 bots=5 t=217
12:24:58 ok Ари enemies=5 bots=5 t=218
12:24:59 ok Ари enemies=5 bots=5 t=219
12:25:00 ok Ари enemies=5 bots=5 t=220
12:25:01 ok Ари enemies=5 bots=5 t=221
12:25:02 ok Ари enemies=5 bots=5 t=222
12:25:03 ok Ари enemies=5 bots=5 t=223
12:25:05 ok Ари enemies=5 bots=5 t=224
12:25:05 ok Ари enemies=5 bots=5 t=225
12:25:06 ok Ари enemies=5 bots=5 t=226
12:25:07 ok Ари enemies=5 bots=5 t=227
12:25:09 ok Ари enemies=5 bots=5 t=228
12:25:09 ok Ари enemies=5 bots=5 t=229
12:25:10 ok Ари enemies=5 bots=5 t=230
12:25:12 ok Ари enemies=5 bots=5 t=231
12:25:13 ok Ари enemies=5 bots=5 t=232
12:25:14 ok Ари enemies=5 bots=5 t=233
12:25:15 ok Ари enemies=5 bots=5 t=234
12:25:16 ok Ари enemies=5 bots=5 t=235
12:25:17 ok Ари enemies=5 bots=5 t=236
12:25:18 ok Ари enemies=5 bots=5 t=237
12:25:19 ok Ари enemies=5 bots=5 t=238
12:25:20 ok Ари enemies=5 bots=5 t=239
12:25:21 ok Ари enemies=5 bots=5 t=240
12:25:22 ok Ари enemies=5 bots=5 t=241
12:25:23 ok Ари enemies=5 bots=5 t=242
12:25:24 ok Ари enemies=5 bots=5 t=243
12:25:25 ok Ари enemies=5 bots=5 t=245
12:25:29 ok Ари enemies=5 bots=5 t=249
12:25:30 ok Ари enemies=5 bots=5 t=250
12:25:31 ok Ари enemies=5 bots=5 t=251
12:25:32 ok Ари enemies=5 bots=5 t=252
12:25:33 ok Ари enemies=5 bots=5 t=253
12:25:34 ok Ари enemies=5 bots=5 t=254
12:25:35 ok Ари enemies=5 bots=5 t=255
12:25:36 ok Ари enemies=5 bots=5 t=256
12:25:37 ok Ари enemies=5 bots=5 t=257
12:25:38 ok Ари enemies=5 bots=5 t=258
12:25:39 ok Ари enemies=5 bots=5 t=259
12:25:40 ok Ари enemies=5 bots=5 t=260
12:25:41 ok Ари enemies=5 bots=5 t=261
12:25:42 ok Ари enemies=5 bots=5 t=262
12:25:43 ok Ари enemies=5 bots=5 t=263
12:25:44 ok Ари enemies=5 bots=5 t=264
12:25:45 ok Ари enemies=5 bots=5 t=265
12:25:46 ok Ари enemies=5 bots=5 t=266
12:25:47 ok Ари enemies=5 bots=5 t=267
12:25:48 ok Ари enemies=5 bots=5 t=268
12:25:49 ok Ари enemies=5 bots=5 t=269
12:25:50 ok Ари enemies=5 bots=5 t=270
12:25:51 ok Ари enemies=5 bots=5 t=271
12:25:52 ok Ари enemies=5 bots=5 t=272
12:25:53 ok Ари enemies=5 bots=5 t=273
12:25:54 ok Ари enemies=5 bots=5 t=274
12:25:55 ok Ари enemies=5 bots=5 t=275
12:25:56 ok Ари enemies=5 bots=5 t=276
12:25:57 ok Ари enemies=5 bots=5 t=277
12:25:58 ok Ари enemies=5 bots=5 t=278
12:25:59 ok Ари enemies=5 bots=5 t=279
12:26:00 ok Ари enemies=5 bots=5 t=280
12:26:01 ok Ари enemies=5 bots=5 t=281
12:26:02 ok Ари enemies=5 bots=5 t=282
12:26:03 ok Ари enemies=5 bots=5 t=283
12:26:04 ok Ари enemies=5 bots=5 t=284
12:26:05 ok Ари enemies=5 bots=5 t=285
12:26:06 ok Ари enemies=5 bots=5 t=286
12:26:07 ok Ари enemies=5 bots=5 t=287
12:26:08 ok Ари enemies=5 bots=5 t=288
12:26:09 ok Ари enemies=5 bots=5 t=289
12:26:10 ok Ари enemies=5 bots=5 t=290
12:26:11 ok Ари enemies=5 bots=5 t=291
12:26:12 ok Ари enemies=5 bots=5 t=292
12:26:13 ok Ари enemies=5 bots=5 t=293
12:26:14 ok Ари enemies=5 bots=5 t=294
12:26:15 ok Ари enemies=5 bots=5 t=295
12:26:16 ok Ари enemies=5 bots=5 t=296
12:26:17 ok Ари enemies=5 bots=5 t=297
12:26:18 ok Ари enemies=5 bots=5 t=298
12:26:19 ok Ари enemies=5 bots=5 t=299
12:26:20 ok Ари enemies=5 bots=5 t=300
12:26:21 ok Ари enemies=5 bots=5 t=301
12:26:22 ok Ари enemies=5 bots=5 t=302
12:26:23 ok Ари enemies=5 bots=5 t=303
12:26:24 ok Ари enemies=5 bots=5 t=304
12:26:41 fail таймаут :2999
12:26:55 fail порт 2999 закрыт — зайди в саму игру, не в лобби
12:29:06 fail порт 2999 закрыт — зайди в саму игру, не в лобби
12:29:37 fail HTTP 404
12:34:11 ok Ёнэ enemies=5 bots=5 t=24
12:34:11 ok Ёнэ enemies=5 bots=5 t=33
12:34:12 ok Ёнэ enemies=5 bots=5 t=34
12:34:13 ok Ёнэ enemies=5 bots=5 t=35
12:34:14 ok Ёнэ enemies=5 bots=5 t=36
12:34:15 ok Ёнэ enemies=5 bots=5 t=37
12:34:16 ok Ёнэ enemies=5 bots=5 t=38
12:34:17 ok Ёнэ enemies=5 bots=5 t=39
12:34:18 ok Ёнэ enemies=5 bots=5 t=40
12:34:19 ok Ёнэ enemies=5 bots=5 t=41
12:34:20 ok Ёнэ enemies=5 bots=5 t=42
12:34:21 ok Ёнэ enemies=5 bots=5 t=43
12:34:22 ok Ёнэ enemies=5 bots=5 t=44
12:34:23 ok Ёнэ enemies=5 bots=5 t=45
12:34:24 ok Ёнэ enemies=5 bots=5 t=46
12:34:25 ok Ёнэ enemies=5 bots=5 t=47
12:34:26 ok Ёнэ enemies=5 bots=5 t=48
12:34:27 ok Ёнэ enemies=5 bots=5 t=49
12:34:28 ok Ёнэ enemies=5 bots=5 t=50
12:34:29 ok Ёнэ enemies=5 bots=5 t=51
12:34:30 ok Ёнэ enemies=5 bots=5 t=52
12:34:31 ok Ёнэ enemies=5 bots=5 t=53
12:34:32 ok Ёнэ enemies=5 bots=5 t=54
12:34:33 ok Ёнэ enemies=5 bots=5 t=55
12:34:34 ok Ёнэ enemies=5 bots=5 t=56
12:34:35 ok Ёнэ enemies=5 bots=5 t=57
12:34:36 ok Ёнэ enemies=5 bots=5 t=58
12:34:37 ok Ёнэ enemies=5 bots=5 t=59
12:34:38 ok Ёнэ enemies=5 bots=5 t=60
12:34:39 ok Ёнэ enemies=5 bots=5 t=61
12:34:40 ok Ёнэ enemies=5 bots=5 t=62
12:34:41 ok Ёнэ enemies=5 bots=5 t=63
12:34:42 ok Ёнэ enemies=5 bots=5 t=64
12:34:43 ok Ёнэ enemies=5 bots=5 t=65
12:34:44 ok Ёнэ enemies=5 bots=5 t=66
12:34:45 ok Ёнэ enemies=5 bots=5 t=67
12:34:46 ok Ёнэ enemies=5 bots=5 t=68
12:34:47 ok Ёнэ enemies=5 bots=5 t=69
12:34:48 ok Ёнэ enemies=5 bots=5 t=70
12:34:49 ok Ёнэ enemies=5 bots=5 t=71
12:34:50 ok Ёнэ enemies=5 bots=5 t=72
12:34:51 ok Ёнэ enemies=5 bots=5 t=73
12:34:52 ok Ёнэ enemies=5 bots=5 t=74
12:34:53 ok Ёнэ enemies=5 bots=5 t=75
12:34:54 ok Ёнэ enemies=5 bots=5 t=76
12:34:55 ok Ёнэ enemies=5 bots=5 t=77
12:34:56 ok Ёнэ enemies=5 bots=5 t=78
12:34:57 ok Ёнэ enemies=5 bots=5 t=79
12:34:58 ok Ёнэ enemies=5 bots=5 t=80
12:34:59 ok Ёнэ enemies=5 bots=5 t=81
12:35:00 ok Ёнэ enemies=5 bots=5 t=82
12:35:03 ok Ёнэ enemies=5 bots=5 t=83
12:35:03 ok Ёнэ enemies=5 bots=5 t=85
12:35:04 ok Ёнэ enemies=5 bots=5 t=86
12:35:05 ok Ёнэ enemies=5 bots=5 t=87
12:35:06 ok Ёнэ enemies=5 bots=5 t=88
12:35:07 ok Ёнэ enemies=5 bots=5 t=89
12:35:08 ok Ёнэ enemies=5 bots=5 t=90
12:35:09 ok Ёнэ enemies=5 bots=5 t=91
12:35:10 ok Ёнэ enemies=5 bots=5 t=92
12:35:11 ok Ёнэ enemies=5 bots=5 t=93
12:35:12 ok Ёнэ enemies=5 bots=5 t=94
12:35:13 ok Ёнэ enemies=5 bots=5 t=95
12:35:14 ok Ёнэ enemies=5 bots=5 t=96
12:35:15 ok Ёнэ enemies=5 bots=5 t=97
12:35:16 ok Ёнэ enemies=5 bots=5 t=98
12:35:17 ok Ёнэ enemies=5 bots=5 t=99
12:35:18 ok Ёнэ enemies=5 bots=5 t=100
12:35:19 ok Ёнэ enemies=5 bots=5 t=101
12:35:20 ok Ёнэ enemies=5 bots=5 t=102
12:35:21 ok Ёнэ enemies=5 bots=5 t=103
12:35:22 ok Ёнэ enemies=5 bots=5 t=104
12:35:23 ok Ёнэ enemies=5 bots=5 t=105
12:35:24 ok Ёнэ enemies=5 bots=5 t=106
12:35:25 ok Ёнэ enemies=5 bots=5 t=107
12:35:26 ok Ёнэ enemies=5 bots=5 t=108
12:35:27 ok Ёнэ enemies=5 bots=5 t=109
12:35:28 ok Ёнэ enemies=5 bots=5 t=110
12:35:29 ok Ёнэ enemies=5 bots=5 t=111
12:35:30 ok Ёнэ enemies=5 bots=5 t=112
12:35:31 ok Ёнэ enemies=5 bots=5 t=113
12:35:32 ok Ёнэ enemies=5 bots=5 t=114
12:35:33 ok Ёнэ enemies=5 bots=5 t=115
12:35:34 ok Ёнэ enemies=5 bots=5 t=116
12:35:35 ok Ёнэ enemies=5 bots=5 t=117
12:35:36 ok Ёнэ enemies=5 bots=5 t=118
12:35:38 ok Ёнэ enemies=5 bots=5 t=119
12:35:38 ok Ёнэ enemies=5 bots=5 t=120
12:35:39 ok Ёнэ enemies=5 bots=5 t=121
12:35:40 ok Ёнэ enemies=5 bots=5 t=122
12:35:41 ok Ёнэ enemies=5 bots=5 t=123
12:35:42 ok Ёнэ enemies=5 bots=5 t=124
12:35:44 ok Ёнэ enemies=5 bots=5 t=125
12:35:44 ok Ёнэ enemies=5 bots=5 t=126
12:35:45 ok Ёнэ enemies=5 bots=5 t=127
12:35:46 ok Ёнэ enemies=5 bots=5 t=128
12:35:47 ok Ёнэ enemies=5 bots=5 t=129
12:35:48 ok Ёнэ enemies=5 bots=5 t=130
12:35:49 ok Ёнэ enemies=5 bots=5 t=131
12:35:50 ok Ёнэ enemies=5 bots=5 t=132
12:35:51 ok Ёнэ enemies=5 bots=5 t=133
12:35:52 ok Ёнэ enemies=5 bots=5 t=134
12:35:54 ok Ёнэ enemies=5 bots=5 t=135
12:35:55 ok Ёнэ enemies=5 bots=5 t=136
12:35:56 ok Ёнэ enemies=5 bots=5 t=137
12:35:57 ok Ёнэ enemies=5 bots=5 t=138
12:35:58 ok Ёнэ enemies=5 bots=5 t=139
12:35:59 ok Ёнэ enemies=5 bots=5 t=140
12:36:00 ok Ёнэ enemies=5 bots=5 t=141
12:36:01 ok Ёнэ enemies=5 bots=5 t=142
12:36:02 ok Ёнэ enemies=5 bots=5 t=143
12:36:03 ok Ёнэ enemies=5 bots=5 t=144
12:36:04 ok Ёнэ enemies=5 bots=5 t=145
12:36:05 ok Ёнэ enemies=5 bots=5 t=146
12:36:06 ok Ёнэ enemies=5 bots=5 t=147
12:36:07 ok Ёнэ enemies=5 bots=5 t=148
12:36:08 ok Ёнэ enemies=5 bots=5 t=149
12:36:09 ok Ёнэ enemies=5 bots=5 t=150
12:36:10 ok Ёнэ enemies=5 bots=5 t=151
12:36:11 ok Ёнэ enemies=5 bots=5 t=152
12:36:12 ok Ёнэ enemies=5 bots=5 t=153
12:36:13 ok Ёнэ enemies=5 bots=5 t=154
12:36:14 ok Ёнэ enemies=5 bots=5 t=156
12:36:16 ok Ёнэ enemies=5 bots=5 t=157
12:36:17 ok Ёнэ enemies=5 bots=5 t=158
12:36:18 ok Ёнэ enemies=5 bots=5 t=160
12:36:20 ok Ёнэ enemies=5 bots=5 t=161
12:36:21 ok Ёнэ enemies=5 bots=5 t=162
12:36:22 ok Ёнэ enemies=5 bots=5 t=163
12:36:23 ok Ёнэ enemies=5 bots=5 t=164
12:36:24 ok Ёнэ enemies=5 bots=5 t=166
12:36:25 ok Ёнэ enemies=5 bots=5 t=167
12:36:26 ok Ёнэ enemies=5 bots=5 t=168
12:36:27 ok Ёнэ enemies=5 bots=5 t=169
12:36:28 ok Ёнэ enemies=5 bots=5 t=170
12:36:29 ok Ёнэ enemies=5 bots=5 t=171
12:36:30 ok Ёнэ enemies=5 bots=5 t=172
12:36:31 ok Ёнэ enemies=5 bots=5 t=173
12:36:32 ok Ёнэ enemies=5 bots=5 t=174
12:36:33 ok Ёнэ enemies=5 bots=5 t=175
12:36:34 ok Ёнэ enemies=5 bots=5 t=176
12:36:35 ok Ёнэ enemies=5 bots=5 t=177
12:36:36 ok Ёнэ enemies=5 bots=5 t=178
12:36:37 ok Ёнэ enemies=5 bots=5 t=179
12:36:38 ok Ёнэ enemies=5 bots=5 t=180
12:36:39 ok Ёнэ enemies=5 bots=5 t=181
12:36:40 ok Ёнэ enemies=5 bots=5 t=182
12:36:41 ok Ёнэ enemies=5 bots=5 t=183
12:36:42 ok Ёнэ enemies=5 bots=5 t=184
12:36:43 ok Ёнэ enemies=5 bots=5 t=185
12:36:44 ok Ёнэ enemies=5 bots=5 t=186
12:36:45 ok Ёнэ enemies=5 bots=5 t=187
12:36:46 ok Ёнэ enemies=5 bots=5 t=188
12:36:47 ok Ёнэ enemies=5 bots=5 t=189
12:36:48 ok Ёнэ enemies=5 bots=5 t=190
12:36:49 ok Ёнэ enemies=5 bots=5 t=191
12:36:50 ok Ёнэ enemies=5 bots=5 t=192
12:36:51 ok Ёнэ enemies=5 bots=5 t=193
12:36:52 ok Ёнэ enemies=5 bots=5 t=194
12:36:53 ok Ёнэ enemies=5 bots=5 t=195
12:36:54 ok Ёнэ enemies=5 bots=5 t=196
12:36:55 ok Ёнэ enemies=5 bots=5 t=197
12:36:56 ok Ёнэ enemies=5 bots=5 t=198
12:36:57 ok Ёнэ enemies=5 bots=5 t=199
12:36:58 ok Ёнэ enemies=5 bots=5 t=200
12:36:59 ok Ёнэ enemies=5 bots=5 t=201
12:37:00 ok Ёнэ enemies=5 bots=5 t=202
12:37:01 ok Ёнэ enemies=5 bots=5 t=203
12:37:02 ok Ёнэ enemies=5 bots=5 t=204
12:37:03 ok Ёнэ enemies=5 bots=5 t=205
12:37:04 ok Ёнэ enemies=5 bots=5 t=206
12:37:05 ok Ёнэ enemies=5 bots=5 t=207
12:37:06 ok Ёнэ enemies=5 bots=5 t=208
12:37:07 ok Ёнэ enemies=5 bots=5 t=209
12:37:08 ok Ёнэ enemies=5 bots=5 t=210
12:37:09 ok Ёнэ enemies=5 bots=5 t=211
12:37:10 ok Ёнэ enemies=5 bots=5 t=212
12:37:11 ok Ёнэ enemies=5 bots=5 t=213
12:37:12 ok Ёнэ enemies=5 bots=5 t=214
12:37:13 ok Ёнэ enemies=5 bots=5 t=215
12:37:14 ok Ёнэ enemies=5 bots=5 t=216
12:37:15 ok Ёнэ enemies=5 bots=5 t=217
12:37:16 ok Ёнэ enemies=5 bots=5 t=218
12:37:17 ok Ёнэ enemies=5 bots=5 t=219
12:37:18 ok Ёнэ enemies=5 bots=5 t=220
12:37:19 ok Ёнэ enemies=5 bots=5 t=221
12:37:20 ok Ёнэ enemies=5 bots=5 t=222
12:37:21 ok Ёнэ enemies=5 bots=5 t=223
12:37:22 ok Ёнэ enemies=5 bots=5 t=224
12:37:23 ok Ёнэ enemies=5 bots=5 t=225
12:37:24 ok Ёнэ enemies=5 bots=5 t=226
12:37:25 ok Ёнэ enemies=5 bots=5 t=227
12:37:26 ok Ёнэ enemies=5 bots=5 t=228
12:37:27 ok Ёнэ enemies=5 bots=5 t=229
12:37:28 ok Ёнэ enemies=5 bots=5 t=230
12:37:29 ok Ёнэ enemies=5 bots=5 t=231
12:37:30 ok Ёнэ enemies=5 bots=5 t=232
12:37:31 ok Ёнэ enemies=5 bots=5 t=233
12:37:32 ok Ёнэ enemies=5 bots=5 t=234
12:37:33 ok Ёнэ enemies=5 bots=5 t=235
12:37:34 ok Ёнэ enemies=5 bots=5 t=236
12:37:35 ok Ёнэ enemies=5 bots=5 t=237
12:37:36 ok Ёнэ enemies=5 bots=5 t=238
12:37:37 ok Ёнэ enemies=5 bots=5 t=239
12:37:38 ok Ёнэ enemies=5 bots=5 t=240
12:37:39 ok Ёнэ enemies=5 bots=5 t=241
12:37:40 ok Ёнэ enemies=5 bots=5 t=242
12:37:41 ok Ёнэ enemies=5 bots=5 t=243
12:37:42 ok Ёнэ enemies=5 bots=5 t=244
12:37:43 ok Ёнэ enemies=5 bots=5 t=245
12:37:44 ok Ёнэ enemies=5 bots=5 t=246
12:37:45 ok Ёнэ enemies=5 bots=5 t=247
12:37:46 ok Ёнэ enemies=5 bots=5 t=248
12:37:47 ok Ёнэ enemies=5 bots=5 t=249
12:37:48 ok Ёнэ enemies=5 bots=5 t=250
12:37:49 ok Ёнэ enemies=5 bots=5 t=251
12:37:50 ok Ёнэ enemies=5 bots=5 t=252
12:37:51 ok Ёнэ enemies=5 bots=5 t=253
12:37:52 ok Ёнэ enemies=5 bots=5 t=254
12:37:53 ok Ёнэ enemies=5 bots=5 t=255
12:37:54 ok Ёнэ enemies=5 bots=5 t=256
12:37:55 ok Ёнэ enemies=5 bots=5 t=257
12:37:56 ok Ёнэ enemies=5 bots=5 t=258
12:37:57 ok Ёнэ enemies=5 bots=5 t=259
12:37:58 ok Ёнэ enemies=5 bots=5 t=260
12:37:59 ok Ёнэ enemies=5 bots=5 t=261
12:38:00 ok Ёнэ enemies=5 bots=5 t=262
12:38:01 ok Ёнэ enemies=5 bots=5 t=263
12:38:02 ok Ёнэ enemies=5 bots=5 t=264
12:38:03 ok Ёнэ enemies=5 bots=5 t=265
12:38:04 ok Ёнэ enemies=5 bots=5 t=266
12:38:05 ok Ёнэ enemies=5 bots=5 t=267
12:38:06 ok Ёнэ enemies=5 bots=5 t=268
12:38:07 ok Ёнэ enemies=5 bots=5 t=269
12:38:08 ok Ёнэ enemies=5 bots=5 t=270
12:38:09 ok Ёнэ enemies=5 bots=5 t=271
12:38:10 ok Ёнэ enemies=5 bots=5 t=272
12:38:11 ok Ёнэ enemies=5 bots=5 t=273
12:38:12 ok Ёнэ enemies=5 bots=5 t=274
12:38:13 ok Ёнэ enemies=5 bots=5 t=275
12:38:14 ok Ёнэ enemies=5 bots=5 t=276
12:38:15 ok Ёнэ enemies=5 bots=5 t=277
12:38:16 ok Ёнэ enemies=5 bots=5 t=278
12:38:17 ok Ёнэ enemies=5 bots=5 t=279
12:38:18 ok Ёнэ enemies=5 bots=5 t=280
12:38:19 ok Ёнэ enemies=5 bots=5 t=281
12:38:20 ok Ёнэ enemies=5 bots=5 t=282
12:38:21 ok Ёнэ enemies=5 bots=5 t=283
12:38:22 ok Ёнэ enemies=5 bots=5 t=284
12:38:23 ok Ёнэ enemies=5 bots=5 t=285
12:38:24 ok Ёнэ enemies=5 bots=5 t=286
12:38:25 ok Ёнэ enemies=5 bots=5 t=287
12:38:26 ok Ёнэ enemies=5 bots=5 t=288
12:38:27 ok Ёнэ enemies=5 bots=5 t=289
12:38:28 ok Ёнэ enemies=5 bots=5 t=290
12:38:29 ok Ёнэ enemies=5 bots=5 t=291
12:38:30 ok Ёнэ enemies=5 bots=5 t=292
12:38:31 ok Ёнэ enemies=5 bots=5 t=293
12:38:32 ok Ёнэ enemies=5 bots=5 t=294
12:38:33 ok Ёнэ enemies=5 bots=5 t=295
12:38:34 ok Ёнэ enemies=5 bots=5 t=296
12:38:35 ok Ёнэ enemies=5 bots=5 t=297
12:38:36 ok Ёнэ enemies=5 bots=5 t=298
12:38:37 ok Ёнэ enemies=5 bots=5 t=299
12:38:41 ok Ёнэ enemies=5 bots=5 t=303
12:38:42 ok Ёнэ enemies=5 bots=5 t=304
12:38:43 ok Ёнэ enemies=5 bots=5 t=305
12:38:44 ok Ёнэ enemies=5 bots=5 t=306
12:38:45 ok Ёнэ enemies=5 bots=5 t=307
12:38:46 ok Ёнэ enemies=5 bots=5 t=308
12:38:47 ok Ёнэ enemies=5 bots=5 t=309
12:38:48 ok Ёнэ enemies=5 bots=5 t=310
12:38:49 ok Ёнэ enemies=5 bots=5 t=311
12:38:50 ok Ёнэ enemies=5 bots=5 t=312
12:38:51 ok Ёнэ enemies=5 bots=5 t=313
12:38:52 ok Ёнэ enemies=5 bots=5 t=314
12:38:53 ok Ёнэ enemies=5 bots=5 t=315
12:38:55 ok Ёнэ enemies=5 bots=5 t=316
12:38:55 ok Ёнэ enemies=5 bots=5 t=317
12:38:56 ok Ёнэ enemies=5 bots=5 t=318
12:38:57 ok Ёнэ enemies=5 bots=5 t=319
12:38:58 ok Ёнэ enemies=5 bots=5 t=320
12:38:59 ok Ёнэ enemies=5 bots=5 t=321
12:39:00 ok Ёнэ enemies=5 bots=5 t=322
12:39:01 ok Ёнэ enemies=5 bots=5 t=323
12:39:02 ok Ёнэ enemies=5 bots=5 t=324
12:39:03 ok Ёнэ enemies=5 bots=5 t=325
12:39:04 ok Ёнэ enemies=5 bots=5 t=326
12:39:05 ok Ёнэ enemies=5 bots=5 t=327
12:39:06 ok Ёнэ enemies=5 bots=5 t=328
12:39:07 ok Ёнэ enemies=5 bots=5 t=329
12:39:08 ok Ёнэ enemies=5 bots=5 t=330
12:39:09 ok Ёнэ enemies=5 bots=5 t=331
12:39:10 ok Ёнэ enemies=5 bots=5 t=332
12:39:11 ok Ёнэ enemies=5 bots=5 t=333
12:39:12 ok Ёнэ enemies=5 bots=5 t=334
12:39:13 ok Ёнэ enemies=5 bots=5 t=335
12:39:14 ok Ёнэ enemies=5 bots=5 t=336
12:39:15 ok Ёнэ enemies=5 bots=5 t=337
12:39:16 ok Ёнэ enemies=5 bots=5 t=338
12:39:17 ok Ёнэ enemies=5 bots=5 t=339
12:39:18 ok Ёнэ enemies=5 bots=5 t=340
12:39:19 ok Ёнэ enemies=5 bots=5 t=341
12:39:20 ok Ёнэ enemies=5 bots=5 t=342
12:39:21 ok Ёнэ enemies=5 bots=5 t=343
12:39:22 ok Ёнэ enemies=5 bots=5 t=344
12:39:23 ok Ёнэ enemies=5 bots=5 t=345
12:39:24 ok Ёнэ enemies=5 bots=5 t=346
12:39:25 ok Ёнэ enemies=5 bots=5 t=347
12:39:26 ok Ёнэ enemies=5 bots=5 t=348
12:39:27 ok Ёнэ enemies=5 bots=5 t=349
12:39:28 ok Ёнэ enemies=5 bots=5 t=350
12:39:29 ok Ёнэ enemies=5 bots=5 t=351
12:39:30 ok Ёнэ enemies=5 bots=5 t=352
12:39:37 ok Ёнэ enemies=5 bots=5 t=359
12:39:39 ok Ёнэ enemies=5 bots=5 t=360
12:39:40 ok Ёнэ enemies=5 bots=5 t=361
12:39:41 ok Ёнэ enemies=5 bots=5 t=362
12:39:42 ok Ёнэ enemies=5 bots=5 t=363
12:39:43 ok Ёнэ enemies=5 bots=5 t=364
12:39:43 ok Ёнэ enemies=5 bots=5 t=365
12:39:45 ok Ёнэ enemies=5 bots=5 t=366
12:39:45 ok Ёнэ enemies=5 bots=5 t=367
12:39:46 ok Ёнэ enemies=5 bots=5 t=368
12:39:47 ok Ёнэ enemies=5 bots=5 t=369
12:39:49 ok Ёнэ enemies=5 bots=5 t=370
12:39:50 ok Ёнэ enemies=5 bots=5 t=371
12:39:51 ok Ёнэ enemies=5 bots=5 t=372
12:39:52 ok Ёнэ enemies=5 bots=5 t=373
12:39:53 ok Ёнэ enemies=5 bots=5 t=374
12:39:54 ok Ёнэ enemies=5 bots=5 t=375
12:39:55 ok Ёнэ enemies=5 bots=5 t=376
12:39:56 ok Ёнэ enemies=5 bots=5 t=378
12:39:58 ok Ёнэ enemies=5 bots=5 t=380
12:39:59 ok Ёнэ enemies=5 bots=5 t=381
12:40:00 ok Ёнэ enemies=5 bots=5 t=382
12:40:01 ok Ёнэ enemies=5 bots=5 t=383
12:40:02 ok Ёнэ enemies=5 bots=5 t=384
12:40:03 ok Ёнэ enemies=5 bots=5 t=385
12:40:04 ok Ёнэ enemies=5 bots=5 t=386
12:40:05 ok Ёнэ enemies=5 bots=5 t=387
12:40:06 ok Ёнэ enemies=5 bots=5 t=388
12:40:07 ok Ёнэ enemies=5 bots=5 t=389
12:40:08 ok Ёнэ enemies=5 bots=5 t=390
12:40:09 ok Ёнэ enemies=5 bots=5 t=391
12:40:10 ok Ёнэ enemies=5 bots=5 t=392
12:40:11 ok Ёнэ enemies=5 bots=5 t=393
12:40:12 ok Ёнэ enemies=5 bots=5 t=394
12:40:13 ok Ёнэ enemies=5 bots=5 t=395
12:40:14 ok Ёнэ enemies=5 bots=5 t=396
12:40:15 ok Ёнэ enemies=5 bots=5 t=397
12:40:16 ok Ёнэ enemies=5 bots=5 t=398
12:40:17 ok Ёнэ enemies=5 bots=5 t=399
12:40:18 ok Ёнэ enemies=5 bots=5 t=400
12:40:19 ok Ёнэ enemies=5 bots=5 t=401
12:40:20 ok Ёнэ enemies=5 bots=5 t=402
12:40:21 ok Ёнэ enemies=5 bots=5 t=403
12:40:22 ok Ёнэ enemies=5 bots=5 t=404
12:40:23 ok Ёнэ enemies=5 bots=5 t=405
12:40:24 ok Ёнэ enemies=5 bots=5 t=406
12:40:25 ok Ёнэ enemies=5 bots=5 t=407
12:40:26 ok Ёнэ enemies=5 bots=5 t=408
12:40:27 ok Ёнэ enemies=5 bots=5 t=409
12:40:28 ok Ёнэ enemies=5 bots=5 t=410
12:40:29 ok Ёнэ enemies=5 bots=5 t=411
12:40:30 ok Ёнэ enemies=5 bots=5 t=412
12:40:31 ok Ёнэ enemies=5 bots=5 t=413
12:40:32 ok Ёнэ enemies=5 bots=5 t=414
12:40:33 ok Ёнэ enemies=5 bots=5 t=415
12:40:34 ok Ёнэ enemies=5 bots=5 t=416
12:40:35 ok Ёнэ enemies=5 bots=5 t=417
12:40:36 ok Ёнэ enemies=5 bots=5 t=418
12:40:37 ok Ёнэ enemies=5 bots=5 t=419
12:40:38 ok Ёнэ enemies=5 bots=5 t=420
12:40:39 ok Ёнэ enemies=5 bots=5 t=421
12:40:40 ok Ёнэ enemies=5 bots=5 t=422
12:40:41 ok Ёнэ enemies=5 bots=5 t=423
12:40:42 ok Ёнэ enemies=5 bots=5 t=424
12:40:43 ok Ёнэ enemies=5 bots=5 t=425
12:40:44 ok Ёнэ enemies=5 bots=5 t=426
12:40:45 ok Ёнэ enemies=5 bots=5 t=427
12:40:46 ok Ёнэ enemies=5 bots=5 t=428
12:40:47 ok Ёнэ enemies=5 bots=5 t=429
12:40:48 ok Ёнэ enemies=5 bots=5 t=430
12:40:49 ok Ёнэ enemies=5 bots=5 t=431
12:40:50 ok Ёнэ enemies=5 bots=5 t=432
12:40:51 ok Ёнэ enemies=5 bots=5 t=433
12:40:52 ok Ёнэ enemies=5 bots=5 t=434
12:40:53 ok Ёнэ enemies=5 bots=5 t=435
12:40:54 ok Ёнэ enemies=5 bots=5 t=436
12:40:55 ok Ёнэ enemies=5 bots=5 t=437
12:40:56 ok Ёнэ enemies=5 bots=5 t=438
12:40:57 ok Ёнэ enemies=5 bots=5 t=439
12:40:58 ok Ёнэ enemies=5 bots=5 t=440
12:40:59 ok Ёнэ enemies=5 bots=5 t=441
12:41:00 ok Ёнэ enemies=5 bots=5 t=442
12:41:01 ok Ёнэ enemies=5 bots=5 t=443
12:41:02 ok Ёнэ enemies=5 bots=5 t=444
12:41:03 ok Ёнэ enemies=5 bots=5 t=445
12:41:04 ok Ёнэ enemies=5 bots=5 t=446
12:41:05 ok Ёнэ enemies=5 bots=5 t=447
12:41:06 ok Ёнэ enemies=5 bots=5 t=448
12:41:07 ok Ёнэ enemies=5 bots=5 t=449
12:41:08 ok Ёнэ enemies=5 bots=5 t=450
12:41:09 ok Ёнэ enemies=5 bots=5 t=451
12:41:10 ok Ёнэ enemies=5 bots=5 t=452
12:41:11 ok Ёнэ enemies=5 bots=5 t=453
12:41:12 ok Ёнэ enemies=5 bots=5 t=454
12:41:13 ok Ёнэ enemies=5 bots=5 t=455
12:41:14 ok Ёнэ enemies=5 bots=5 t=456
12:41:15 ok Ёнэ enemies=5 bots=5 t=457
12:41:16 ok Ёнэ enemies=5 bots=5 t=458
12:41:17 ok Ёнэ enemies=5 bots=5 t=459
12:41:18 ok Ёнэ enemies=5 bots=5 t=460
12:41:19 ok Ёнэ enemies=5 bots=5 t=461
12:41:20 ok Ёнэ enemies=5 bots=5 t=462
12:41:21 ok Ёнэ enemies=5 bots=5 t=463
12:41:22 ok Ёнэ enemies=5 bots=5 t=464
12:41:23 ok Ёнэ enemies=5 bots=5 t=465
12:41:24 ok Ёнэ enemies=5 bots=5 t=466
12:41:25 ok Ёнэ enemies=5 bots=5 t=467
12:41:26 ok Ёнэ enemies=5 bots=5 t=468
12:41:27 ok Ёнэ enemies=5 bots=5 t=469
12:41:28 ok Ёнэ enemies=5 bots=5 t=470
12:41:29 ok Ёнэ enemies=5 bots=5 t=471
12:41:30 ok Ёнэ enemies=5 bots=5 t=472
12:41:31 ok Ёнэ enemies=5 bots=5 t=473
12:41:32 ok Ёнэ enemies=5 bots=5 t=474
12:41:33 ok Ёнэ enemies=5 bots=5 t=475
12:41:34 ok Ёнэ enemies=5 bots=5 t=476
12:41:35 ok Ёнэ enemies=5 bots=5 t=477
12:41:36 ok Ёнэ enemies=5 bots=5 t=478
12:41:37 ok Ёнэ enemies=5 bots=5 t=479
12:41:38 ok Ёнэ enemies=5 bots=5 t=480
12:41:39 ok Ёнэ enemies=5 bots=5 t=481
12:41:40 ok Ёнэ enemies=5 bots=5 t=482
12:41:41 ok Ёнэ enemies=5 bots=5 t=483
12:41:42 ok Ёнэ enemies=5 bots=5 t=484
12:41:43 ok Ёнэ enemies=5 bots=5 t=485
12:41:44 ok Ёнэ enemies=5 bots=5 t=486
12:41:45 ok Ёнэ enemies=5 bots=5 t=487
12:41:46 ok Ёнэ enemies=5 bots=5 t=488
12:41:47 ok Ёнэ enemies=5 bots=5 t=489
12:41:48 ok Ёнэ enemies=5 bots=5 t=490
12:41:49 ok Ёнэ enemies=5 bots=5 t=491
12:41:50 ok Ёнэ enemies=5 bots=5 t=492
12:41:51 ok Ёнэ enemies=5 bots=5 t=493
12:41:52 ok Ёнэ enemies=5 bots=5 t=494
12:41:53 ok Ёнэ enemies=5 bots=5 t=495
12:41:54 ok Ёнэ enemies=5 bots=5 t=496
12:41:55 ok Ёнэ enemies=5 bots=5 t=497
12:41:56 ok Ёнэ enemies=5 bots=5 t=498
12:41:57 ok Ёнэ enemies=5 bots=5 t=499
12:41:58 ok Ёнэ enemies=5 bots=5 t=500
12:41:59 ok Ёнэ enemies=5 bots=5 t=501
12:42:00 ok Ёнэ enemies=5 bots=5 t=502
12:42:01 ok Ёнэ enemies=5 bots=5 t=503
12:42:02 ok Ёнэ enemies=5 bots=5 t=504
12:42:03 ok Ёнэ enemies=5 bots=5 t=505
12:42:04 ok Ёнэ enemies=5 bots=5 t=506
12:42:05 ok Ёнэ enemies=5 bots=5 t=507
12:42:06 ok Ёнэ enemies=5 bots=5 t=508
12:42:07 ok Ёнэ enemies=5 bots=5 t=509
12:42:08 ok Ёнэ enemies=5 bots=5 t=510
12:42:09 ok Ёнэ enemies=5 bots=5 t=511
12:42:10 ok Ёнэ enemies=5 bots=5 t=512
12:42:11 ok Ёнэ enemies=5 bots=5 t=513
12:42:12 ok Ёнэ enemies=5 bots=5 t=514
12:42:13 ok Ёнэ enemies=5 bots=5 t=515
12:42:14 ok Ёнэ enemies=5 bots=5 t=516
12:42:16 ok Ёнэ enemies=5 bots=5 t=517
12:42:16 ok Ёнэ enemies=5 bots=5 t=518
12:42:17 ok Ёнэ enemies=5 bots=5 t=519
12:42:18 ok Ёнэ enemies=5 bots=5 t=520
12:42:19 ok Ёнэ enemies=5 bots=5 t=521
12:42:20 ok Ёнэ enemies=5 bots=5 t=522
12:42:21 ok Ёнэ enemies=5 bots=5 t=523
12:42:22 ok Ёнэ enemies=5 bots=5 t=524
12:42:23 ok Ёнэ enemies=5 bots=5 t=525
12:42:24 ok Ёнэ enemies=5 bots=5 t=526
12:42:25 ok Ёнэ enemies=5 bots=5 t=527
12:42:26 ok Ёнэ enemies=5 bots=5 t=528
12:42:27 ok Ёнэ enemies=5 bots=5 t=529
12:42:28 ok Ёнэ enemies=5 bots=5 t=530
12:42:29 ok Ёнэ enemies=5 bots=5 t=531
12:42:30 ok Ёнэ enemies=5 bots=5 t=532
12:42:31 ok Ёнэ enemies=5 bots=5 t=533
12:42:32 ok Ёнэ enemies=5 bots=5 t=534
12:42:33 ok Ёнэ enemies=5 bots=5 t=535
12:42:34 ok Ёнэ enemies=5 bots=5 t=536
12:42:35 ok Ёнэ enemies=5 bots=5 t=537
12:42:36 ok Ёнэ enemies=5 bots=5 t=538
12:42:37 ok Ёнэ enemies=5 bots=5 t=539
12:42:38 ok Ёнэ enemies=5 bots=5 t=540
12:42:39 ok Ёнэ enemies=5 bots=5 t=541
12:42:40 ok Ёнэ enemies=5 bots=5 t=542
12:42:41 ok Ёнэ enemies=5 bots=5 t=543
12:42:42 ok Ёнэ enemies=5 bots=5 t=544
12:42:43 ok Ёнэ enemies=5 bots=5 t=545
12:42:44 ok Ёнэ enemies=5 bots=5 t=546
12:42:45 ok Ёнэ enemies=5 bots=5 t=547
12:42:46 ok Ёнэ enemies=5 bots=5 t=548
12:42:47 ok Ёнэ enemies=5 bots=5 t=549
12:42:48 ok Ёнэ enemies=5 bots=5 t=550
12:42:49 ok Ёнэ enemies=5 bots=5 t=551
12:42:50 ok Ёнэ enemies=5 bots=5 t=552
12:42:51 ok Ёнэ enemies=5 bots=5 t=553
12:42:52 ok Ёнэ enemies=5 bots=5 t=554
12:42:53 ok Ёнэ enemies=5 bots=5 t=555
12:42:54 ok Ёнэ enemies=5 bots=5 t=556
12:42:55 ok Ёнэ enemies=5 bots=5 t=557
12:42:56 ok Ёнэ enemies=5 bots=5 t=558
12:42:57 ok Ёнэ enemies=5 bots=5 t=559
12:42:58 ok Ёнэ enemies=5 bots=5 t=560
12:42:59 ok Ёнэ enemies=5 bots=5 t=561
12:43:00 ok Ёнэ enemies=5 bots=5 t=562
12:43:01 ok Ёнэ enemies=5 bots=5 t=563
12:43:02 ok Ёнэ enemies=5 bots=5 t=564
12:43:03 ok Ёнэ enemies=5 bots=5 t=565
12:43:04 ok Ёнэ enemies=5 bots=5 t=566
12:43:05 ok Ёнэ enemies=5 bots=5 t=567
12:43:06 ok Ёнэ enemies=5 bots=5 t=568
12:43:07 ok Ёнэ enemies=5 bots=5 t=569
12:43:08 ok Ёнэ enemies=5 bots=5 t=570
12:43:09 ok Ёнэ enemies=5 bots=5 t=571
12:43:14 ok Ёнэ enemies=5 bots=5 t=572
12:43:14 ok Ёнэ enemies=5 bots=5 t=576
12:43:15 ok Ёнэ enemies=5 bots=5 t=577
12:43:16 ok Ёнэ enemies=5 bots=5 t=578
12:43:17 ok Ёнэ enemies=5 bots=5 t=579
12:43:18 ok Ёнэ enemies=5 bots=5 t=580
12:43:19 ok Ёнэ enemies=5 bots=5 t=581
12:43:20 ok Ёнэ enemies=5 bots=5 t=582
12:43:21 ok Ёнэ enemies=5 bots=5 t=583
12:43:22 ok Ёнэ enemies=5 bots=5 t=584
12:43:23 ok Ёнэ enemies=5 bots=5 t=585
12:43:24 ok Ёнэ enemies=5 bots=5 t=586
12:43:25 ok Ёнэ enemies=5 bots=5 t=587
12:43:26 ok Ёнэ enemies=5 bots=5 t=588
12:43:29 ok Ёнэ enemies=5 bots=5 t=589
12:43:29 ok Ёнэ enemies=5 bots=5 t=591
12:43:30 ok Ёнэ enemies=5 bots=5 t=592
12:43:31 ok Ёнэ enemies=5 bots=5 t=593
12:43:32 ok Ёнэ enemies=5 bots=5 t=594
12:43:33 ok Ёнэ enemies=5 bots=5 t=595
12:43:34 ok Ёнэ enemies=5 bots=5 t=596
12:43:35 ok Ёнэ enemies=5 bots=5 t=597
12:43:36 ok Ёнэ enemies=5 bots=5 t=598
12:43:37 ok Ёнэ enemies=5 bots=5 t=599
12:43:38 ok Ёнэ enemies=5 bots=5 t=600
12:43:39 ok Ёнэ enemies=5 bots=5 t=601
12:43:40 ok Ёнэ enemies=5 bots=5 t=602
12:43:41 ok Ёнэ enemies=5 bots=5 t=603
12:43:42 ok Ёнэ enemies=5 bots=5 t=604
12:43:43 ok Ёнэ enemies=5 bots=5 t=605
12:43:44 ok Ёнэ enemies=5 bots=5 t=606
12:43:45 ok Ёнэ enemies=5 bots=5 t=607
12:43:46 ok Ёнэ enemies=5 bots=5 t=608
12:43:47 ok Ёнэ enemies=5 bots=5 t=609
12:43:48 ok Ёнэ enemies=5 bots=5 t=610
12:43:49 ok Ёнэ enemies=5 bots=5 t=611
12:43:50 ok Ёнэ enemies=5 bots=5 t=612
12:43:51 ok Ёнэ enemies=5 bots=5 t=613
12:43:52 ok Ёнэ enemies=5 bots=5 t=614
12:43:53 ok Ёнэ enemies=5 bots=5 t=615
12:43:54 ok Ёнэ enemies=5 bots=5 t=616
12:43:55 ok Ёнэ enemies=5 bots=5 t=617
12:43:56 ok Ёнэ enemies=5 bots=5 t=618
12:43:57 ok Ёнэ enemies=5 bots=5 t=619
12:43:58 ok Ёнэ enemies=5 bots=5 t=620
12:43:59 ok Ёнэ enemies=5 bots=5 t=621
12:44:00 ok Ёнэ enemies=5 bots=5 t=622
12:44:01 ok Ёнэ enemies=5 bots=5 t=623
12:44:02 ok Ёнэ enemies=5 bots=5 t=624
12:44:03 ok Ёнэ enemies=5 bots=5 t=625
12:44:04 ok Ёнэ enemies=5 bots=5 t=626
12:44:05 ok Ёнэ enemies=5 bots=5 t=627
12:44:06 ok Ёнэ enemies=5 bots=5 t=628
12:44:07 ok Ёнэ enemies=5 bots=5 t=629
12:44:08 ok Ёнэ enemies=5 bots=5 t=630
12:44:09 ok Ёнэ enemies=5 bots=5 t=631
12:44:10 ok Ёнэ enemies=5 bots=5 t=632
12:44:16 ok Ёнэ enemies=5 bots=5 t=633
12:44:16 ok Ёнэ enemies=5 bots=5 t=638
12:44:17 ok Ёнэ enemies=5 bots=5 t=639
12:44:18 ok Ёнэ enemies=5 bots=5 t=640
12:44:19 ok Ёнэ enemies=5 bots=5 t=641
12:44:20 ok Ёнэ enemies=5 bots=5 t=642
12:44:21 ok Ёнэ enemies=5 bots=5 t=643
12:44:22 ok Ёнэ enemies=5 bots=5 t=644
12:44:23 ok Ёнэ enemies=5 bots=5 t=645
12:44:24 ok Ёнэ enemies=5 bots=5 t=646
12:44:25 ok Ёнэ enemies=5 bots=5 t=647
12:44:26 ok Ёнэ enemies=5 bots=5 t=648
12:44:27 ok Ёнэ enemies=5 bots=5 t=649
12:44:28 ok Ёнэ enemies=5 bots=5 t=650
12:44:29 ok Ёнэ enemies=5 bots=5 t=651
12:44:30 ok Ёнэ enemies=5 bots=5 t=652
12:44:31 ok Ёнэ enemies=5 bots=5 t=653
12:44:32 ok Ёнэ enemies=5 bots=5 t=654
12:44:33 ok Ёнэ enemies=5 bots=5 t=655
12:44:34 ok Ёнэ enemies=5 bots=5 t=656
12:44:35 ok Ёнэ enemies=5 bots=5 t=657
12:44:36 ok Ёнэ enemies=5 bots=5 t=658
12:44:37 ok Ёнэ enemies=5 bots=5 t=659
12:44:38 ok Ёнэ enemies=5 bots=5 t=660
12:44:39 ok Ёнэ enemies=5 bots=5 t=661
12:44:40 ok Ёнэ enemies=5 bots=5 t=662
12:44:41 ok Ёнэ enemies=5 bots=5 t=663
12:44:42 ok Ёнэ enemies=5 bots=5 t=664
12:44:43 ok Ёнэ enemies=5 bots=5 t=665
12:44:44 ok Ёнэ enemies=5 bots=5 t=666
12:44:45 ok Ёнэ enemies=5 bots=5 t=667
12:44:46 ok Ёнэ enemies=5 bots=5 t=668
12:44:47 ok Ёнэ enemies=5 bots=5 t=669
12:44:48 ok Ёнэ enemies=5 bots=5 t=670
12:44:49 ok Ёнэ enemies=5 bots=5 t=671
12:44:50 ok Ёнэ enemies=5 bots=5 t=672
12:44:51 ok Ёнэ enemies=5 bots=5 t=673
12:44:52 ok Ёнэ enemies=5 bots=5 t=674
12:44:54 ok Ёнэ enemies=5 bots=5 t=675
12:44:54 ok Ёнэ enemies=5 bots=5 t=676
12:44:55 ok Ёнэ enemies=5 bots=5 t=677
12:44:56 ok Ёнэ enemies=5 bots=5 t=678
12:44:57 ok Ёнэ enemies=5 bots=5 t=679
12:44:58 ok Ёнэ enemies=5 bots=5 t=680
12:44:59 ok Ёнэ enemies=5 bots=5 t=681
12:45:00 ok Ёнэ enemies=5 bots=5 t=682
12:45:01 ok Ёнэ enemies=5 bots=5 t=683
12:45:02 ok Ёнэ enemies=5 bots=5 t=684
12:45:03 ok Ёнэ enemies=5 bots=5 t=685
12:45:04 ok Ёнэ enemies=5 bots=5 t=686
12:45:05 ok Ёнэ enemies=5 bots=5 t=687
12:45:06 ok Ёнэ enemies=5 bots=5 t=688
12:45:07 ok Ёнэ enemies=5 bots=5 t=689
12:45:12 ok Ёнэ enemies=5 bots=5 t=694
12:45:21 ok Ёнэ enemies=5 bots=5 t=700
12:45:21 ok Ёнэ enemies=5 bots=5 t=703
12:45:22 ok Ёнэ enemies=5 bots=5 t=704
12:45:23 ok Ёнэ enemies=5 bots=5 t=705
12:45:24 ok Ёнэ enemies=5 bots=5 t=706
12:45:25 ok Ёнэ enemies=5 bots=5 t=707
12:45:26 ok Ёнэ enemies=5 bots=5 t=708
12:45:27 ok Ёнэ enemies=5 bots=5 t=709
12:45:28 ok Ёнэ enemies=5 bots=5 t=710
12:45:29 ok Ёнэ enemies=5 bots=5 t=711
12:45:30 ok Ёнэ enemies=5 bots=5 t=712
12:45:31 ok Ёнэ enemies=5 bots=5 t=713
12:45:32 ok Ёнэ enemies=5 bots=5 t=714
12:45:33 ok Ёнэ enemies=5 bots=5 t=715
12:45:36 ok Ёнэ enemies=5 bots=5 t=716
12:45:36 ok Ёнэ enemies=5 bots=5 t=718
12:45:37 ok Ёнэ enemies=5 bots=5 t=719
12:45:38 ok Ёнэ enemies=5 bots=5 t=720
12:45:39 ok Ёнэ enemies=5 bots=5 t=721
12:45:40 ok Ёнэ enemies=5 bots=5 t=722
12:45:41 ok Ёнэ enemies=5 bots=5 t=723
12:45:44 ok Ёнэ enemies=5 bots=5 t=724
12:45:45 ok Ёнэ enemies=5 bots=5 t=726
12:45:45 ok Ёнэ enemies=5 bots=5 t=727
12:45:46 ok Ёнэ enemies=5 bots=5 t=728
12:45:47 ok Ёнэ enemies=5 bots=5 t=729
12:45:48 ok Ёнэ enemies=5 bots=5 t=730
12:45:49 ok Ёнэ enemies=5 bots=5 t=731
12:45:50 ok Ёнэ enemies=5 bots=5 t=732
12:45:51 ok Ёнэ enemies=5 bots=5 t=733
12:45:52 ok Ёнэ enemies=5 bots=5 t=734
12:45:53 ok Ёнэ enemies=5 bots=5 t=735
12:45:54 ok Ёнэ enemies=5 bots=5 t=736
12:45:55 ok Ёнэ enemies=5 bots=5 t=737
12:45:56 ok Ёнэ enemies=5 bots=5 t=738
12:45:57 ok Ёнэ enemies=5 bots=5 t=739
12:45:58 ok Ёнэ enemies=5 bots=5 t=740
12:45:59 ok Ёнэ enemies=5 bots=5 t=741
12:46:00 ok Ёнэ enemies=5 bots=5 t=742
12:46:01 ok Ёнэ enemies=5 bots=5 t=743
12:46:02 ok Ёнэ enemies=5 bots=5 t=744
12:46:03 ok Ёнэ enemies=5 bots=5 t=745
12:46:04 ok Ёнэ enemies=5 bots=5 t=746
12:46:06 ok Ёнэ enemies=5 bots=5 t=747
12:46:06 ok Ёнэ enemies=5 bots=5 t=748
12:46:07 ok Ёнэ enemies=5 bots=5 t=749
12:46:08 ok Ёнэ enemies=5 bots=5 t=750
12:46:09 ok Ёнэ enemies=5 bots=5 t=751
12:46:10 ok Ёнэ enemies=5 bots=5 t=752
12:46:11 ok Ёнэ enemies=5 bots=5 t=753
12:46:12 ok Ёнэ enemies=5 bots=5 t=754
12:46:13 ok Ёнэ enemies=5 bots=5 t=755
12:46:14 ok Ёнэ enemies=5 bots=5 t=756
12:46:17 ok Ёнэ enemies=5 bots=5 t=757
12:46:17 ok Ёнэ enemies=5 bots=5 t=759
12:46:18 ok Ёнэ enemies=5 bots=5 t=760
12:46:19 ok Ёнэ enemies=5 bots=5 t=761
12:46:20 ok Ёнэ enemies=5 bots=5 t=762
12:46:21 ok Ёнэ enemies=5 bots=5 t=763
12:46:22 ok Ёнэ enemies=5 bots=5 t=764
12:46:23 ok Ёнэ enemies=5 bots=5 t=765
12:46:25 ok Ёнэ enemies=5 bots=5 t=766
12:46:25 ok Ёнэ enemies=5 bots=5 t=767
12:46:26 ok Ёнэ enemies=5 bots=5 t=768
12:46:27 ok Ёнэ enemies=5 bots=5 t=769
12:46:28 ok Ёнэ enemies=5 bots=5 t=770
12:46:29 ok Ёнэ enemies=5 bots=5 t=771
12:46:30 ok Ёнэ enemies=5 bots=5 t=772
12:46:31 ok Ёнэ enemies=5 bots=5 t=773
12:46:35 ok Ёнэ enemies=5 bots=5 t=774
12:46:35 ok Ёнэ enemies=5 bots=5 t=777
12:46:37 ok Ёнэ enemies=5 bots=5 t=778
12:46:37 ok Ёнэ enemies=5 bots=5 t=779
12:46:38 ok Ёнэ enemies=5 bots=5 t=780
12:46:39 ok Ёнэ enemies=5 bots=5 t=781
12:46:40 ok Ёнэ enemies=5 bots=5 t=782
12:46:41 ok Ёнэ enemies=5 bots=5 t=783
12:46:42 ok Ёнэ enemies=5 bots=5 t=784
12:46:43 ok Ёнэ enemies=5 bots=5 t=785
12:46:45 ok Ёнэ enemies=5 bots=5 t=786
12:46:45 ok Ёнэ enemies=5 bots=5 t=787
12:46:46 ok Ёнэ enemies=5 bots=5 t=788
12:46:47 ok Ёнэ enemies=5 bots=5 t=789
12:46:48 ok Ёнэ enemies=5 bots=5 t=790
12:46:49 ok Ёнэ enemies=5 bots=5 t=791
12:46:50 ok Ёнэ enemies=5 bots=5 t=792
12:46:52 ok Ёнэ enemies=5 bots=5 t=793
12:46:52 ok Ёнэ enemies=5 bots=5 t=794
12:46:53 ok Ёнэ enemies=5 bots=5 t=795
12:47:10 ok Ёнэ enemies=5 bots=5 t=812
12:47:16 ok Ёнэ enemies=5 bots=5 t=813
12:47:16 ok Ёнэ enemies=5 bots=5 t=818
12:47:18 ok Ёнэ enemies=5 bots=5 t=819
12:47:19 ok Ёнэ enemies=5 bots=5 t=820
12:47:20 ok Ёнэ enemies=5 bots=5 t=821
12:47:21 ok Ёнэ enemies=5 bots=5 t=822
12:47:22 ok Ёнэ enemies=5 bots=5 t=823
12:47:23 ok Ёнэ enemies=5 bots=5 t=824
12:47:24 ok Ёнэ enemies=5 bots=5 t=825
12:47:25 ok Ёнэ enemies=5 bots=5 t=826
12:47:29 ok Ёнэ enemies=5 bots=5 t=827
12:47:29 ok Ёнэ enemies=5 bots=5 t=831
12:47:31 ok Ёнэ enemies=5 bots=5 t=832
12:47:32 ok Ёнэ enemies=5 bots=5 t=833
12:47:33 ok Ёнэ enemies=5 bots=5 t=834
12:47:34 ok Ёнэ enemies=5 bots=5 t=836
12:47:35 ok Ёнэ enemies=5 bots=5 t=837
12:47:36 ok Ёнэ enemies=5 bots=5 t=838
12:47:37 ok Ёнэ enemies=5 bots=5 t=839
12:47:38 ok Ёнэ enemies=5 bots=5 t=840
12:47:39 ok Ёнэ enemies=5 bots=5 t=841
12:47:40 ok Ёнэ enemies=5 bots=5 t=842
12:47:41 ok Ёнэ enemies=5 bots=5 t=843
12:47:42 ok Ёнэ enemies=5 bots=5 t=844
12:47:43 ok Ёнэ enemies=5 bots=5 t=845
12:47:44 ok Ёнэ enemies=5 bots=5 t=846
12:47:45 ok Ёнэ enemies=5 bots=5 t=847
12:47:46 ok Ёнэ enemies=5 bots=5 t=848
12:47:47 ok Ёнэ enemies=5 bots=5 t=849
12:47:48 ok Ёнэ enemies=5 bots=5 t=850
12:47:49 ok Ёнэ enemies=5 bots=5 t=851
12:47:50 ok Ёнэ enemies=5 bots=5 t=852
12:47:51 ok Ёнэ enemies=5 bots=5 t=853
12:47:52 ok Ёнэ enemies=5 bots=5 t=854
12:47:53 ok Ёнэ enemies=5 bots=5 t=855
12:47:54 ok Ёнэ enemies=5 bots=5 t=856
12:47:55 ok Ёнэ enemies=5 bots=5 t=857
12:47:56 ok Ёнэ enemies=5 bots=5 t=858
12:47:57 ok Ёнэ enemies=5 bots=5 t=859
12:47:58 ok Ёнэ enemies=5 bots=5 t=860
12:47:59 ok Ёнэ enemies=5 bots=5 t=861
12:48:00 ok Ёнэ enemies=5 bots=5 t=862
12:48:03 ok Ёнэ enemies=5 bots=5 t=863
12:48:03 ok Ёнэ enemies=5 bots=5 t=865
12:48:04 ok Ёнэ enemies=5 bots=5 t=866
12:48:05 ok Ёнэ enemies=5 bots=5 t=867
12:48:06 ok Ёнэ enemies=5 bots=5 t=868
12:48:07 ok Ёнэ enemies=5 bots=5 t=869
12:48:08 ok Ёнэ enemies=5 bots=5 t=870
12:48:10 ok Ёнэ enemies=5 bots=5 t=871
12:48:10 ok Ёнэ enemies=5 bots=5 t=872
12:48:11 ok Ёнэ enemies=5 bots=5 t=873
12:48:12 ok Ёнэ enemies=5 bots=5 t=874
12:48:13 ok Ёнэ enemies=5 bots=5 t=875
12:48:14 ok Ёнэ enemies=5 bots=5 t=883
12:48:15 ok Ёнэ enemies=5 bots=5 t=891
12:48:16 ok Ёнэ enemies=5 bots=5 t=899
12:48:17 ok Ёнэ enemies=5 bots=5 t=905
12:48:18 ok Ёнэ enemies=5 bots=5 t=906
12:48:19 ok Ёнэ enemies=5 bots=5 t=907
12:48:20 ok Ёнэ enemies=5 bots=5 t=908
12:48:21 ok Ёнэ enemies=5 bots=5 t=909
12:48:22 ok Ёнэ enemies=5 bots=5 t=910
12:48:23 ok Ёнэ enemies=5 bots=5 t=911
12:48:24 ok Ёнэ enemies=5 bots=5 t=912
12:48:25 ok Ёнэ enemies=5 bots=5 t=913
12:48:26 ok Ёнэ enemies=5 bots=5 t=914
12:48:27 ok Ёнэ enemies=5 bots=5 t=915
12:48:28 ok Ёнэ enemies=5 bots=5 t=916
12:48:29 ok Ёнэ enemies=5 bots=5 t=917
12:48:30 ok Ёнэ enemies=5 bots=5 t=918
12:48:31 ok Ёнэ enemies=5 bots=5 t=919
12:48:32 ok Ёнэ enemies=5 bots=5 t=920
12:48:33 ok Ёнэ enemies=5 bots=5 t=921
12:48:34 ok Ёнэ enemies=5 bots=5 t=922
12:48:35 ok Ёнэ enemies=5 bots=5 t=923
12:48:36 ok Ёнэ enemies=5 bots=5 t=924
12:48:37 ok Ёнэ enemies=5 bots=5 t=925
12:48:38 ok Ёнэ enemies=5 bots=5 t=926
12:48:39 ok Ёнэ enemies=5 bots=5 t=927
12:48:40 ok Ёнэ enemies=5 bots=5 t=928
12:48:41 ok Ёнэ enemies=5 bots=5 t=929
12:48:42 ok Ёнэ enemies=5 bots=5 t=930
12:48:43 ok Ёнэ enemies=5 bots=5 t=931
12:48:44 ok Ёнэ enemies=5 bots=5 t=932
12:48:45 ok Ёнэ enemies=5 bots=5 t=933
12:48:46 ok Ёнэ enemies=5 bots=5 t=934
12:48:47 ok Ёнэ enemies=5 bots=5 t=935
12:48:48 ok Ёнэ enemies=5 bots=5 t=936
12:48:49 ok Ёнэ enemies=5 bots=5 t=937
12:48:50 ok Ёнэ enemies=5 bots=5 t=938
12:48:51 ok Ёнэ enemies=5 bots=5 t=939
12:48:52 ok Ёнэ enemies=5 bots=5 t=940
12:48:53 ok Ёнэ enemies=5 bots=5 t=941
12:48:54 ok Ёнэ enemies=5 bots=5 t=942
12:48:55 ok Ёнэ enemies=5 bots=5 t=943
12:48:56 ok Ёнэ enemies=5 bots=5 t=944
12:48:57 ok Ёнэ enemies=5 bots=5 t=945
12:48:58 ok Ёнэ enemies=5 bots=5 t=946
12:48:59 ok Ёнэ enemies=5 bots=5 t=947
12:49:00 ok Ёнэ enemies=5 bots=5 t=948
12:49:01 ok Ёнэ enemies=5 bots=5 t=949
12:49:02 ok Ёнэ enemies=5 bots=5 t=950
12:49:03 ok Ёнэ enemies=5 bots=5 t=951
12:49:04 ok Ёнэ enemies=5 bots=5 t=952
12:49:05 ok Ёнэ enemies=5 bots=5 t=953
12:49:06 ok Ёнэ enemies=5 bots=5 t=954
12:49:07 ok Ёнэ enemies=5 bots=5 t=955
12:49:08 ok Ёнэ enemies=5 bots=5 t=956
12:49:09 ok Ёнэ enemies=5 bots=5 t=957
12:49:10 ok Ёнэ enemies=5 bots=5 t=958
12:49:11 ok Ёнэ enemies=5 bots=5 t=959
12:49:12 ok Ёнэ enemies=5 bots=5 t=960
12:49:13 ok Ёнэ enemies=5 bots=5 t=961
12:49:14 ok Ёнэ enemies=5 bots=5 t=962
12:49:15 ok Ёнэ enemies=5 bots=5 t=963
12:49:16 ok Ёнэ enemies=5 bots=5 t=964
12:49:17 ok Ёнэ enemies=5 bots=5 t=965
12:49:18 ok Ёнэ enemies=5 bots=5 t=966
12:49:19 ok Ёнэ enemies=5 bots=5 t=967
12:49:20 ok Ёнэ enemies=5 bots=5 t=968
12:49:21 ok Ёнэ enemies=5 bots=5 t=969
12:49:22 ok Ёнэ enemies=5 bots=5 t=970
12:49:23 ok Ёнэ enemies=5 bots=5 t=971
12:49:24 ok Ёнэ enemies=5 bots=5 t=972
12:49:25 ok Ёнэ enemies=5 bots=5 t=973
12:49:26 ok Ёнэ enemies=5 bots=5 t=974
12:49:27 ok Ёнэ enemies=5 bots=5 t=975
12:49:28 ok Ёнэ enemies=5 bots=5 t=976
12:49:29 ok Ёнэ enemies=5 bots=5 t=977
12:49:30 ok Ёнэ enemies=5 bots=5 t=978
12:49:31 ok Ёнэ enemies=5 bots=5 t=979
12:49:32 ok Ёнэ enemies=5 bots=5 t=980
12:49:33 ok Ёнэ enemies=5 bots=5 t=981
12:49:34 ok Ёнэ enemies=5 bots=5 t=982
12:49:35 ok Ёнэ enemies=5 bots=5 t=983
12:49:36 ok Ёнэ enemies=5 bots=5 t=984
12:49:37 ok Ёнэ enemies=5 bots=5 t=985
12:49:38 ok Ёнэ enemies=5 bots=5 t=986
12:49:39 ok Ёнэ enemies=5 bots=5 t=987
12:49:40 ok Ёнэ enemies=5 bots=5 t=988
12:49:41 ok Ёнэ enemies=5 bots=5 t=989
12:49:42 ok Ёнэ enemies=5 bots=5 t=990
12:49:43 ok Ёнэ enemies=5 bots=5 t=991
12:49:44 ok Ёнэ enemies=5 bots=5 t=992
12:49:45 ok Ёнэ enemies=5 bots=5 t=993
12:49:46 ok Ёнэ enemies=5 bots=5 t=994
12:49:47 ok Ёнэ enemies=5 bots=5 t=995
12:49:48 ok Ёнэ enemies=5 bots=5 t=996
12:49:49 ok Ёнэ enemies=5 bots=5 t=997
12:49:50 ok Ёнэ enemies=5 bots=5 t=998
12:49:51 ok Ёнэ enemies=5 bots=5 t=999
12:49:52 ok Ёнэ enemies=5 bots=5 t=1000
12:49:53 ok Ёнэ enemies=5 bots=5 t=1001
12:49:54 ok Ёнэ enemies=5 bots=5 t=1002
12:49:55 ok Ёнэ enemies=5 bots=5 t=1003
12:49:56 ok Ёнэ enemies=5 bots=5 t=1004
12:49:57 ok Ёнэ enemies=5 bots=5 t=1005
12:49:58 ok Ёнэ enemies=5 bots=5 t=1006
12:49:59 ok Ёнэ enemies=5 bots=5 t=1007
12:50:00 ok Ёнэ enemies=5 bots=5 t=1008
12:50:01 ok Ёнэ enemies=5 bots=5 t=1009
12:50:02 ok Ёнэ enemies=5 bots=5 t=1010
12:50:03 ok Ёнэ enemies=5 bots=5 t=1011
12:50:04 ok Ёнэ enemies=5 bots=5 t=1012
12:50:05 ok Ёнэ enemies=5 bots=5 t=1013
12:50:06 ok Ёнэ enemies=5 bots=5 t=1014
12:50:07 ok Ёнэ enemies=5 bots=5 t=1015
12:50:08 ok Ёнэ enemies=5 bots=5 t=1016
12:50:09 ok Ёнэ enemies=5 bots=5 t=1017
12:50:24 fail порт 2999 закрыт — зайди в саму игру, не в лобби
12:52:08 fail HTTP 404
12:54:34 ok Энни enemies=5 bots=5 t=0
12:54:35 ok Энни enemies=5 bots=5 t=1
12:54:38 ok Энни enemies=5 bots=5 t=3
12:54:38 ok Энни enemies=5 bots=5 t=4
12:54:40 ok Энни enemies=5 bots=5 t=6
12:54:41 ok Энни enemies=5 bots=5 t=7
12:54:42 ok Энни enemies=5 bots=5 t=8
12:54:43 ok Энни enemies=5 bots=5 t=9
12:54:44 ok Энни enemies=5 bots=5 t=10
12:54:45 ok Энни enemies=5 bots=5 t=11
12:54:46 ok Энни enemies=5 bots=5 t=12
12:54:47 ok Энни enemies=5 bots=5 t=13
12:54:48 ok Энни enemies=5 bots=5 t=14
12:54:49 ok Энни enemies=5 bots=5 t=15
12:54:50 ok Энни enemies=5 bots=5 t=16
12:54:51 ok Энни enemies=5 bots=5 t=17
12:54:52 ok Энни enemies=5 bots=5 t=18
12:54:53 ok Энни enemies=5 bots=5 t=19
12:54:55 ok Энни enemies=5 bots=5 t=20
12:54:55 ok Энни enemies=5 bots=5 t=21
12:54:56 ok Энни enemies=5 bots=5 t=22
12:54:57 ok Энни enemies=5 bots=5 t=23
12:54:58 ok Энни enemies=5 bots=5 t=24
12:54:59 ok Энни enemies=5 bots=5 t=25
12:55:00 ok Энни enemies=5 bots=5 t=26
12:55:01 ok Энни enemies=5 bots=5 t=27
12:55:02 ok Энни enemies=5 bots=5 t=28
12:55:03 ok Энни enemies=5 bots=5 t=29
12:55:04 ok Энни enemies=5 bots=5 t=30
12:55:05 ok Энни enemies=5 bots=5 t=31
12:55:06 ok Энни enemies=5 bots=5 t=32
12:55:07 ok Энни enemies=5 bots=5 t=33
12:55:08 ok Энни enemies=5 bots=5 t=34
12:55:09 ok Энни enemies=5 bots=5 t=35
12:55:10 ok Энни enemies=5 bots=5 t=36
12:55:11 ok Энни enemies=5 bots=5 t=37
12:55:12 ok Энни enemies=5 bots=5 t=38
12:55:13 ok Энни enemies=5 bots=5 t=39
12:55:14 ok Энни enemies=5 bots=5 t=40
12:55:15 ok Энни enemies=5 bots=5 t=41
12:55:16 ok Энни enemies=5 bots=5 t=42
12:55:17 ok Энни enemies=5 bots=5 t=43
12:55:18 ok Энни enemies=5 bots=5 t=44
12:55:19 ok Энни enemies=5 bots=5 t=45
12:55:20 ok Энни enemies=5 bots=5 t=46
12:55:21 ok Энни enemies=5 bots=5 t=47
12:55:22 ok Энни enemies=5 bots=5 t=48
12:55:23 ok Энни enemies=5 bots=5 t=49
12:55:24 ok Энни enemies=5 bots=5 t=50
12:55:25 ok Энни enemies=5 bots=5 t=51
12:55:26 ok Энни enemies=5 bots=5 t=52
12:55:27 ok Энни enemies=5 bots=5 t=53
12:55:28 ok Энни enemies=5 bots=5 t=54
12:55:29 ok Энни enemies=5 bots=5 t=55
12:55:30 ok Энни enemies=5 bots=5 t=56
12:55:31 ok Энни enemies=5 bots=5 t=57
12:55:32 ok Энни enemies=5 bots=5 t=58
12:55:33 ok Энни enemies=5 bots=5 t=59
12:55:34 ok Энни enemies=5 bots=5 t=60
12:55:35 ok Энни enemies=5 bots=5 t=61
12:55:36 ok Энни enemies=5 bots=5 t=62
12:55:37 ok Энни enemies=5 bots=5 t=63
12:55:38 ok Энни enemies=5 bots=5 t=64
12:55:39 ok Энни enemies=5 bots=5 t=65
12:55:40 ok Энни enemies=5 bots=5 t=66
12:55:41 ok Энни enemies=5 bots=5 t=67
12:55:42 ok Энни enemies=5 bots=5 t=68
12:55:43 ok Энни enemies=5 bots=5 t=69
12:55:44 ok Энни enemies=5 bots=5 t=70
12:55:45 ok Энни enemies=5 bots=5 t=71
12:55:46 ok Энни enemies=5 bots=5 t=72
12:55:47 ok Энни enemies=5 bots=5 t=73
12:55:48 ok Энни enemies=5 bots=5 t=74
12:55:49 ok Энни enemies=5 bots=5 t=75
12:55:50 ok Энни enemies=5 bots=5 t=76
12:55:51 ok Энни enemies=5 bots=5 t=77
12:55:52 ok Энни enemies=5 bots=5 t=78
12:55:53 ok Энни enemies=5 bots=5 t=79
12:55:54 ok Энни enemies=5 bots=5 t=80
12:55:55 ok Энни enemies=5 bots=5 t=81
12:55:56 ok Энни enemies=5 bots=5 t=82
12:55:57 ok Энни enemies=5 bots=5 t=83
12:55:58 ok Энни enemies=5 bots=5 t=84
12:55:59 ok Энни enemies=5 bots=5 t=85
12:56:00 ok Энни enemies=5 bots=5 t=86
12:56:01 ok Энни enemies=5 bots=5 t=87
12:56:03 ok Энни enemies=5 bots=5 t=88
12:56:03 ok Энни enemies=5 bots=5 t=89
12:56:04 ok Энни enemies=5 bots=5 t=90
12:56:05 ok Энни enemies=5 bots=5 t=91
12:56:06 ok Энни enemies=5 bots=5 t=92
12:56:07 ok Энни enemies=5 bots=5 t=93
12:56:08 ok Энни enemies=5 bots=5 t=94
12:56:09 ok Энни enemies=5 bots=5 t=95
12:56:10 ok Энни enemies=5 bots=5 t=96
12:56:11 ok Энни enemies=5 bots=5 t=97
12:56:12 ok Энни enemies=5 bots=5 t=98
12:56:13 ok Энни enemies=5 bots=5 t=99
12:56:14 ok Энни enemies=5 bots=5 t=100
12:56:15 ok Энни enemies=5 bots=5 t=101
12:56:16 ok Энни enemies=5 bots=5 t=102
12:56:17 ok Энни enemies=5 bots=5 t=103
12:56:18 ok Энни enemies=5 bots=5 t=104
12:56:19 ok Энни enemies=5 bots=5 t=105
12:56:20 ok Энни enemies=5 bots=5 t=106
12:56:21 ok Энни enemies=5 bots=5 t=107
12:56:23 ok Энни enemies=5 bots=5 t=108
12:56:23 ok Энни enemies=5 bots=5 t=109
12:56:24 ok Энни enemies=5 bots=5 t=110
12:56:25 ok Энни enemies=5 bots=5 t=111
12:56:26 ok Энни enemies=5 bots=5 t=112
12:56:27 ok Энни enemies=5 bots=5 t=113
12:56:28 ok Энни enemies=5 bots=5 t=114
12:56:29 ok Энни enemies=5 bots=5 t=115
12:56:30 ok Энни enemies=5 bots=5 t=116
12:56:32 ok Энни enemies=5 bots=5 t=117
12:56:32 ok Энни enemies=5 bots=5 t=118
12:56:33 ok Энни enemies=5 bots=5 t=119
12:56:35 ok Энни enemies=5 bots=5 t=120
12:56:35 ok Энни enemies=5 bots=5 t=121
12:56:36 ok Энни enemies=5 bots=5 t=122
12:56:38 ok Энни enemies=5 bots=5 t=123
12:56:39 ok Энни enemies=5 bots=5 t=124
12:56:40 ok Энни enemies=5 bots=5 t=125
12:56:40 ok Энни enemies=5 bots=5 t=126
12:56:42 ok Энни enemies=5 bots=5 t=127
12:56:42 ok Энни enemies=5 bots=5 t=128
12:56:43 ok Энни enemies=5 bots=5 t=129
12:56:44 ok Энни enemies=5 bots=5 t=130
12:56:46 ok Энни enemies=5 bots=5 t=131
12:56:47 ok Энни enemies=5 bots=5 t=132
12:56:47 ok Энни enemies=5 bots=5 t=133
12:56:48 ok Энни enemies=5 bots=5 t=134
12:56:49 ok Энни enemies=5 bots=5 t=135
12:56:51 ok Энни enemies=5 bots=5 t=136
12:56:51 ok Энни enemies=5 bots=5 t=137
12:56:52 ok Энни enemies=5 bots=5 t=138
12:56:53 ok Энни enemies=5 bots=5 t=139
12:56:55 ok Энни enemies=5 bots=5 t=140
12:56:56 ok Энни enemies=5 bots=5 t=141
12:56:57 ok Энни enemies=5 bots=5 t=142
12:56:58 ok Энни enemies=5 bots=5 t=143
12:56:59 ok Энни enemies=5 bots=5 t=144
12:57:00 ok Энни enemies=5 bots=5 t=145
12:57:01 ok Энни enemies=5 bots=5 t=146
12:57:02 ok Энни enemies=5 bots=5 t=147
12:57:03 ok Энни enemies=5 bots=5 t=148
12:57:04 ok Энни enemies=5 bots=5 t=149
12:57:05 ok Энни enemies=5 bots=5 t=150
12:57:09 ok Энни enemies=5 bots=5 t=151
12:57:10 ok Энни enemies=5 bots=5 t=155
12:57:11 ok Энни enemies=5 bots=5 t=156
12:57:12 ok Энни enemies=5 bots=5 t=157
12:57:13 ok Энни enemies=5 bots=5 t=158
12:57:14 ok Энни enemies=5 bots=5 t=159
12:57:15 ok Энни enemies=5 bots=5 t=160
12:57:16 ok Энни enemies=5 bots=5 t=161
12:57:17 ok Энни enemies=5 bots=5 t=162
12:57:18 ok Энни enemies=5 bots=5 t=163
12:57:19 ok Энни enemies=5 bots=5 t=164
12:57:20 ok Энни enemies=5 bots=5 t=165
12:57:21 ok Энни enemies=5 bots=5 t=166
12:57:22 ok Энни enemies=5 bots=5 t=167
12:57:23 ok Энни enemies=5 bots=5 t=168
12:57:24 ok Энни enemies=5 bots=5 t=169
12:57:25 ok Энни enemies=5 bots=5 t=170
12:57:26 ok Энни enemies=5 bots=5 t=171
12:57:27 ok Энни enemies=5 bots=5 t=172
12:57:28 ok Энни enemies=5 bots=5 t=173
12:57:29 ok Энни enemies=5 bots=5 t=174
12:57:30 ok Энни enemies=5 bots=5 t=175
12:57:31 ok Энни enemies=5 bots=5 t=176
12:57:32 ok Энни enemies=5 bots=5 t=177
12:57:33 ok Энни enemies=5 bots=5 t=178
12:57:34 ok Энни enemies=5 bots=5 t=179
12:57:35 ok Энни enemies=5 bots=5 t=180
12:57:36 ok Энни enemies=5 bots=5 t=181
12:57:37 ok Энни enemies=5 bots=5 t=182
12:57:38 ok Энни enemies=5 bots=5 t=183
12:57:39 ok Энни enemies=5 bots=5 t=184
12:57:40 ok Энни enemies=5 bots=5 t=185
12:57:41 ok Энни enemies=5 bots=5 t=186
12:57:42 ok Энни enemies=5 bots=5 t=187
12:57:43 ok Энни enemies=5 bots=5 t=188
12:57:44 ok Энни enemies=5 bots=5 t=189
12:57:45 ok Энни enemies=5 bots=5 t=190
12:57:46 ok Энни enemies=5 bots=5 t=191
12:57:47 ok Энни enemies=5 bots=5 t=192
12:57:48 ok Энни enemies=5 bots=5 t=193
12:57:49 ok Энни enemies=5 bots=5 t=194
12:57:50 ok Энни enemies=5 bots=5 t=195
12:57:51 ok Энни enemies=5 bots=5 t=196
12:57:52 ok Энни enemies=5 bots=5 t=197
12:57:53 ok Энни enemies=5 bots=5 t=198
12:57:54 ok Энни enemies=5 bots=5 t=199
12:57:55 ok Энни enemies=5 bots=5 t=200
12:57:56 ok Энни enemies=5 bots=5 t=201
12:57:57 ok Энни enemies=5 bots=5 t=202
12:57:58 ok Энни enemies=5 bots=5 t=203
12:57:59 ok Энни enemies=5 bots=5 t=204
12:58:00 ok Энни enemies=5 bots=5 t=205
12:58:01 ok Энни enemies=5 bots=5 t=206
12:58:02 ok Энни enemies=5 bots=5 t=207
12:58:03 ok Энни enemies=5 bots=5 t=208
12:58:04 ok Энни enemies=5 bots=5 t=209
12:58:05 ok Энни enemies=5 bots=5 t=210
12:58:06 ok Энни enemies=5 bots=5 t=211
12:58:07 ok Энни enemies=5 bots=5 t=212
12:58:08 ok Энни enemies=5 bots=5 t=213
12:58:09 ok Энни enemies=5 bots=5 t=214
12:58:10 ok Энни enemies=5 bots=5 t=215
13:22:06 ok Энни enemies=5 bots=5 t=1652
13:22:08 ok Энни enemies=5 bots=5 t=1653
13:22:09 ok Энни enemies=5 bots=5 t=1654
13:22:10 ok Энни enemies=5 bots=5 t=1655
13:22:11 ok Энни enemies=5 bots=5 t=1656
13:22:12 ok Энни enemies=5 bots=5 t=1657
13:22:13 ok Энни enemies=5 bots=5 t=1658
13:22:14 ok Энни enemies=5 bots=5 t=1659
13:22:15 ok Энни enemies=5 bots=5 t=1660
13:22:17 ok Энни enemies=5 bots=5 t=1663
13:22:18 ok Энни enemies=5 bots=5 t=1664
13:22:19 ok Энни enemies=5 bots=5 t=1665
13:22:20 ok Энни enemies=5 bots=5 t=1666
13:22:21 ok Энни enemies=5 bots=5 t=1667
13:22:22 ok Энни enemies=5 bots=5 t=1668
13:22:23 ok Энни enemies=5 bots=5 t=1669
13:22:24 ok Энни enemies=5 bots=5 t=1670
13:22:25 ok Энни enemies=5 bots=5 t=1671
13:22:26 ok Энни enemies=5 bots=5 t=1672
13:22:27 ok Энни enemies=5 bots=5 t=1673
13:22:28 ok Энни enemies=5 bots=5 t=1674
13:22:29 ok Энни enemies=5 bots=5 t=1675
13:22:30 ok Энни enemies=5 bots=5 t=1676
13:22:31 ok Энни enemies=5 bots=5 t=1677
13:22:32 ok Энни enemies=5 bots=5 t=1678
13:22:33 ok Энни enemies=5 bots=5 t=1679
13:22:34 ok Энни enemies=5 bots=5 t=1680
13:22:35 ok Энни enemies=5 bots=5 t=1681
13:22:36 ok Энни enemies=5 bots=5 t=1682
13:22:37 ok Энни enemies=5 bots=5 t=1683
13:22:38 ok Энни enemies=5 bots=5 t=1684
13:22:39 ok Энни enemies=5 bots=5 t=1685
13:22:40 ok Энни enemies=5 bots=5 t=1686
13:22:41 ok Энни enemies=5 bots=5 t=1687
13:22:42 ok Энни enemies=5 bots=5 t=1688
13:22:43 ok Энни enemies=5 bots=5 t=1689
13:22:44 ok Энни enemies=5 bots=5 t=1690
13:22:45 ok Энни enemies=5 bots=5 t=1691
13:22:46 ok Энни enemies=5 bots=5 t=1692
13:22:48 ok Энни enemies=5 bots=5 t=1693
13:22:48 ok Энни enemies=5 bots=5 t=1694
13:22:50 ok Энни enemies=5 bots=5 t=1695
13:22:51 ok Энни enemies=5 bots=5 t=1696
13:22:52 ok Энни enemies=5 bots=5 t=1697
13:22:53 ok Энни enemies=5 bots=5 t=1698
13:22:54 ok Энни enemies=5 bots=5 t=1699
13:22:55 ok Энни enemies=5 bots=5 t=1700
13:22:56 ok Энни enemies=5 bots=5 t=1701
13:22:57 ok Энни enemies=5 bots=5 t=1702
13:22:58 ok Энни enemies=5 bots=5 t=1703
13:22:59 ok Энни enemies=5 bots=5 t=1704
13:23:00 ok Энни enemies=5 bots=5 t=1705
13:23:01 ok Энни enemies=5 bots=5 t=1706
13:23:02 ok Энни enemies=5 bots=5 t=1707
13:23:03 ok Энни enemies=5 bots=5 t=1708
13:23:04 ok Энни enemies=5 bots=5 t=1709
13:23:05 ok Энни enemies=5 bots=5 t=1710
13:23:06 ok Энни enemies=5 bots=5 t=1711
13:23:07 ok Энни enemies=5 bots=5 t=1712
13:23:08 ok Энни enemies=5 bots=5 t=1713
13:23:09 ok Энни enemies=5 bots=5 t=1714
13:23:10 ok Энни enemies=5 bots=5 t=1715
13:23:11 ok Энни enemies=5 bots=5 t=1716
13:23:12 ok Энни enemies=5 bots=5 t=1717
13:23:13 ok Энни enemies=5 bots=5 t=1718
13:23:14 ok Энни enemies=5 bots=5 t=1719
13:23:15 ok Энни enemies=5 bots=5 t=1720
13:23:16 ok Энни enemies=5 bots=5 t=1721
13:23:17 ok Энни enemies=5 bots=5 t=1722
13:23:18 ok Энни enemies=5 bots=5 t=1723
13:23:19 ok Энни enemies=5 bots=5 t=1724
13:23:20 ok Энни enemies=5 bots=5 t=1725
13:23:21 ok Энни enemies=5 bots=5 t=1726
13:23:22 ok Энни enemies=5 bots=5 t=1727
13:23:23 ok Энни enemies=5 bots=5 t=1728
13:23:24 ok Энни enemies=5 bots=5 t=1729
13:23:25 ok Энни enemies=5 bots=5 t=1730
13:23:26 ok Энни enemies=5 bots=5 t=1731
13:23:27 ok Энни enemies=5 bots=5 t=1732
13:23:28 ok Энни enemies=5 bots=5 t=1733
13:23:29 ok Энни enemies=5 bots=5 t=1734
13:23:30 ok Энни enemies=5 bots=5 t=1735
13:23:31 ok Энни enemies=5 bots=5 t=1736
13:23:32 ok Энни enemies=5 bots=5 t=1737
13:23:33 ok Энни enemies=5 bots=5 t=1738
13:23:34 ok Энни enemies=5 bots=5 t=1739
13:23:35 ok Энни enemies=5 bots=5 t=1740
13:23:36 ok Энни enemies=5 bots=5 t=1741
13:23:37 ok Энни enemies=5 bots=5 t=1742
13:23:38 ok Энни enemies=5 bots=5 t=1743
13:23:39 ok Энни enemies=5 bots=5 t=1744
13:30:26 fail таймаут :2999
13:31:15 ok Галио enemies=5 bots=5 t=0
13:32:14 ok Галио enemies=5 bots=5 t=60
13:33:14 ok Галио enemies=5 bots=5 t=120
13:34:14 ok Галио enemies=5 bots=5 t=180
13:35:14 ok Галио enemies=5 bots=5 t=240
13:36:14 ok Галио enemies=5 bots=5 t=300
13:37:14 ok Галио enemies=5 bots=5 t=360
13:38:14 ok Галио enemies=5 bots=5 t=420
13:39:14 ok Галио enemies=5 bots=5 t=480
13:40:14 ok Галио enemies=5 bots=5 t=540
13:41:14 ok Галио enemies=5 bots=5 t=600
13:42:14 ok Галио enemies=5 bots=5 t=659
13:43:13 ok Галио enemies=5 bots=5 t=719
13:44:13 ok Галио enemies=5 bots=5 t=779
13:45:13 ok Галио enemies=5 bots=5 t=839
13:46:13 ok Галио enemies=5 bots=5 t=899
13:47:13 ok Галио enemies=5 bots=5 t=959
13:48:13 ok Галио enemies=5 bots=5 t=1019
13:49:13 ok Галио enemies=5 bots=5 t=1079
13:50:13 ok Галио enemies=5 bots=5 t=1139
13:51:13 ok Галио enemies=5 bots=5 t=1199
13:52:27 fail таймаут :2999
13:52:48 fail HTTP 404
13:53:46 fail HTTP 404
13:56:32 ok Зед enemies=5 bots=5 t=95
13:57:31 ok Зед enemies=5 bots=5 t=155
13:58:31 ok Зед enemies=5 bots=5 t=215
13:59:31 ok Зед enemies=5 bots=5 t=275
14:00:31 ok Зед enemies=5 bots=5 t=335
14:01:31 ok Зед enemies=5 bots=5 t=395
14:02:31 ok Зед enemies=5 bots=5 t=455
14:03:31 ok Зед enemies=5 bots=5 t=515
14:04:31 ok Зед enemies=5 bots=5 t=575
14:05:31 ok Зед enemies=5 bots=5 t=635
14:06:31 ok Зед enemies=5 bots=5 t=695
14:07:32 ok Зед enemies=5 bots=5 t=755
14:08:31 ok Зед enemies=5 bots=5 t=815
14:09:31 ok Зед enemies=5 bots=5 t=875
14:10:31 ok Зед enemies=5 bots=5 t=935
14:11:31 ok Зед enemies=5 bots=5 t=995
14:12:31 ok Зед enemies=5 bots=5 t=1055
14:13:31 ok Зед enemies=5 bots=5 t=1115
14:14:31 ok Зед enemies=5 bots=5 t=1175
14:15:31 ok Зед enemies=5 bots=5 t=1235
14:16:31 ok Зед enemies=5 bots=5 t=1295
14:41:41 fail таймаут :2999
14:43:31 fail HTTP 404
14:44:29 ok Брэнд enemies=5 bots=5 t=14
14:45:29 ok Брэнд enemies=5 bots=5 t=74
14:46:29 ok Брэнд enemies=5 bots=5 t=134
14:47:29 ok Брэнд enemies=5 bots=5 t=194
14:48:29 ok Брэнд enemies=5 bots=5 t=254
14:49:29 ok Брэнд enemies=5 bots=5 t=314
14:50:29 ok Брэнд enemies=5 bots=5 t=374
14:51:29 ok Брэнд enemies=5 bots=5 t=434
14:52:29 ok Брэнд enemies=5 bots=5 t=494
14:53:29 ok Брэнд enemies=5 bots=5 t=554
14:54:29 ok Брэнд enemies=5 bots=5 t=614
14:55:43 fail таймаут :2999
14:56:29 fail таймаут :2999
14:57:15 fail HTTP 404
14:57:45 ok Брэнд enemies=5 bots=5 t=0
14:57:47 ok Брэнд enemies=5 bots=5 t=2
14:57:51 ok Брэнд enemies=5 bots=5 t=6
14:57:53 ok Брэнд enemies=5 bots=5 t=8
14:57:55 ok Брэнд enemies=5 bots=5 t=10
14:57:57 ok Брэнд enemies=5 bots=5 t=12
14:57:59 ok Брэнд enemies=5 bots=5 t=14
14:58:01 ok Брэнд enemies=5 bots=5 t=16
14:58:03 ok Брэнд enemies=5 bots=5 t=18
14:58:05 ok Брэнд enemies=5 bots=5 t=20
14:58:07 ok Брэнд enemies=5 bots=5 t=22
14:58:09 ok Брэнд enemies=5 bots=5 t=24
14:58:11 ok Брэнд enemies=5 bots=5 t=26
14:58:13 ok Брэнд enemies=5 bots=5 t=28
14:58:15 ok Брэнд enemies=5 bots=5 t=30
14:58:17 ok Брэнд enemies=5 bots=5 t=32
14:58:19 ok Брэнд enemies=5 bots=5 t=34
14:58:21 ok Брэнд enemies=5 bots=5 t=36
14:58:23 ok Брэнд enemies=5 bots=5 t=38
14:58:25 ok Брэнд enemies=5 bots=5 t=40
14:58:27 ok Брэнд enemies=5 bots=5 t=42
14:58:29 ok Брэнд enemies=5 bots=5 t=44
14:58:31 ok Брэнд enemies=5 bots=5 t=46
14:58:33 ok Брэнд enemies=5 bots=5 t=48
14:58:35 ok Брэнд enemies=5 bots=5 t=50
14:58:37 ok Брэнд enemies=5 bots=5 t=52
14:58:39 ok Брэнд enemies=5 bots=5 t=54
14:58:41 ok Брэнд enemies=5 bots=5 t=56
14:58:43 ok Брэнд enemies=5 bots=5 t=58
14:58:45 ok Брэнд enemies=5 bots=5 t=60
14:58:47 ok Брэнд enemies=5 bots=5 t=62
14:58:49 ok Брэнд enemies=5 bots=5 t=64
14:58:51 ok Брэнд enemies=5 bots=5 t=66
14:58:53 ok Брэнд enemies=5 bots=5 t=68
14:58:55 ok Брэнд enemies=5 bots=5 t=70
14:58:57 ok Брэнд enemies=5 bots=5 t=72
14:58:59 ok Брэнд enemies=5 bots=5 t=74
14:59:01 ok Брэнд enemies=5 bots=5 t=76
14:59:03 ok Брэнд enemies=5 bots=5 t=78
14:59:05 ok Брэнд enemies=5 bots=5 t=80
14:59:07 ok Брэнд enemies=5 bots=5 t=82
14:59:10 ok Брэнд enemies=5 bots=5 t=85
14:59:12 ok Брэнд enemies=5 bots=5 t=87
14:59:14 ok Брэнд enemies=5 bots=5 t=89
14:59:16 ok Брэнд enemies=5 bots=5 t=91
14:59:18 ok Брэнд enemies=5 bots=5 t=93
14:59:20 ok Брэнд enemies=5 bots=5 t=95
14:59:22 ok Брэнд enemies=5 bots=5 t=97
14:59:24 ok Брэнд enemies=5 bots=5 t=99
14:59:26 ok Брэнд enemies=5 bots=5 t=101
14:59:28 ok Брэнд enemies=5 bots=5 t=103
14:59:30 ok Брэнд enemies=5 bots=5 t=105
14:59:32 ok Брэнд enemies=5 bots=5 t=107
14:59:34 ok Брэнд enemies=5 bots=5 t=109
14:59:36 ok Брэнд enemies=5 bots=5 t=111
14:59:38 ok Брэнд enemies=5 bots=5 t=113
14:59:40 ok Брэнд enemies=5 bots=5 t=115
14:59:42 ok Брэнд enemies=5 bots=5 t=117
14:59:44 ok Брэнд enemies=5 bots=5 t=119
14:59:46 ok Брэнд enemies=5 bots=5 t=121
14:59:48 ok Брэнд enemies=5 bots=5 t=123
14:59:50 ok Брэнд enemies=5 bots=5 t=125
14:59:52 ok Брэнд enemies=5 bots=5 t=127
14:59:54 ok Брэнд enemies=5 bots=5 t=129
